Archive member included to satisfy reference by file (symbol)

c:/st/stm32cubeide_1.11.0/stm32cubeide/plugins/com.st.stm32cube.ide.mcu.externaltools.gnu-tools-for-stm32.10.3-2021.10.win32_1.0.100.202210260954/tools/bin/../lib/gcc/arm-none-eabi/10.3.1/../../../../arm-none-eabi/lib/thumb/v7-m/nofp\libstdc++_nano.a(del_op.o)
                              ./Cpp/Src/cpp_main.o (operator delete(void*))
c:/st/stm32cubeide_1.11.0/stm32cubeide/plugins/com.st.stm32cube.ide.mcu.externaltools.gnu-tools-for-stm32.10.3-2021.10.win32_1.0.100.202210260954/tools/bin/../lib/gcc/arm-none-eabi/10.3.1/../../../../arm-none-eabi/lib/thumb/v7-m/nofp\libstdc++_nano.a(del_ops.o)
                              ./Cpp/Src/adaptive_filter.o (operator delete(void*, unsigned int))
c:/st/stm32cubeide_1.11.0/stm32cubeide/plugins/com.st.stm32cube.ide.mcu.externaltools.gnu-tools-for-stm32.10.3-2021.10.win32_1.0.100.202210260954/tools/bin/../lib/gcc/arm-none-eabi/10.3.1/../../../../arm-none-eabi/lib/thumb/v7-m/nofp\libstdc++_nano.a(new_op.o)
                              ./Cpp/Src/cpp_main.o (operator new(unsigned int))
c:/st/stm32cubeide_1.11.0/stm32cubeide/plugins/com.st.stm32cube.ide.mcu.externaltools.gnu-tools-for-stm32.10.3-2021.10.win32_1.0.100.202210260954/tools/bin/../lib/gcc/arm-none-eabi/10.3.1/../../../../arm-none-eabi/lib/thumb/v7-m/nofp\libstdc++_nano.a(pure.o)
                              ./Cpp/Src/cpp_main.o (__cxa_pure_virtual)
c:/st/stm32cubeide_1.11.0/stm32cubeide/plugins/com.st.stm32cube.ide.mcu.externaltools.gnu-tools-for-stm32.10.3-2021.10.win32_1.0.100.202210260954/tools/bin/../lib/gcc/arm-none-eabi/10.3.1/../../../../arm-none-eabi/lib/thumb/v7-m/nofp\libstdc++_nano.a(allocator-inst.o)
                              ./Cpp/Src/cpp_main.o (std::allocator<char>::allocator())
c:/st/stm32cubeide_1.11.0/stm32cubeide/plugins/com.st.stm32cube.ide.mcu.externaltools.gnu-tools-for-stm32.10.3-2021.10.win32_1.0.100.202210260954/tools/bin/../lib/gcc/arm-none-eabi/10.3.1/../../../../arm-none-eabi/lib/thumb/v7-m/nofp\libstdc++_nano.a(tree.o)
                              ./Cpp/Src/tm1637.o (std::_Rb_tree_increment(std::_Rb_tree_node_base*))
c:/st/stm32cubeide_1.11.0/stm32cubeide/plugins/com.st.stm32cube.ide.mcu.externaltools.gnu-tools-for-stm32.10.3-2021.10.win32_1.0.100.202210260954/tools/bin/../lib/gcc/arm-none-eabi/10.3.1/../../../../arm-none-eabi/lib/thumb/v7-m/nofp\libstdc++_nano.a(functexcept.o)
                              ./Cpp/Src/cpp_main.o (std::__throw_bad_alloc())
c:/st/stm32cubeide_1.11.0/stm32cubeide/plugins/com.st.stm32cube.ide.mcu.externaltools.gnu-tools-for-stm32.10.3-2021.10.win32_1.0.100.202210260954/tools/bin/../lib/gcc/arm-none-eabi/10.3.1/../../../../arm-none-eabi/lib/thumb/v7-m/nofp\libstdc++_nano.a(shared_ptr.o)
                              ./Cpp/Src/cpp_main.o (std::_Sp_make_shared_tag::_S_eq(std::type_info const&))
c:/st/stm32cubeide_1.11.0/stm32cubeide/plugins/com.st.stm32cube.ide.mcu.externaltools.gnu-tools-for-stm32.10.3-2021.10.win32_1.0.100.202210260954/tools/bin/../lib/gcc/arm-none-eabi/10.3.1/../../../../arm-none-eabi/lib/thumb/v7-m/nofp\libstdc++_nano.a(snprintf_lite.o)
                              c:/st/stm32cubeide_1.11.0/stm32cubeide/plugins/com.st.stm32cube.ide.mcu.externaltools.gnu-tools-for-stm32.10.3-2021.10.win32_1.0.100.202210260954/tools/bin/../lib/gcc/arm-none-eabi/10.3.1/../../../../arm-none-eabi/lib/thumb/v7-m/nofp\libstdc++_nano.a(functexcept.o) (__gnu_cxx::__snprintf_lite(char*, unsigned int, char const*, std::__va_list))
c:/st/stm32cubeide_1.11.0/stm32cubeide/plugins/com.st.stm32cube.ide.mcu.externaltools.gnu-tools-for-stm32.10.3-2021.10.win32_1.0.100.202210260954/tools/bin/../lib/gcc/arm-none-eabi/10.3.1/../../../../arm-none-eabi/lib/thumb/v7-m/nofp\libstdc++_nano.a(class_type_info.o)
                              c:/st/stm32cubeide_1.11.0/stm32cubeide/plugins/com.st.stm32cube.ide.mcu.externaltools.gnu-tools-for-stm32.10.3-2021.10.win32_1.0.100.202210260954/tools/bin/../lib/gcc/arm-none-eabi/10.3.1/../../../../arm-none-eabi/lib/thumb/v7-m/nofp\libstdc++_nano.a(shared_ptr.o) (vtable for __cxxabiv1::__class_type_info)
c:/st/stm32cubeide_1.11.0/stm32cubeide/plugins/com.st.stm32cube.ide.mcu.externaltools.gnu-tools-for-stm32.10.3-2021.10.win32_1.0.100.202210260954/tools/bin/../lib/gcc/arm-none-eabi/10.3.1/../../../../arm-none-eabi/lib/thumb/v7-m/nofp\libstdc++_nano.a(eh_exception.o)
                              c:/st/stm32cubeide_1.11.0/stm32cubeide/plugins/com.st.stm32cube.ide.mcu.externaltools.gnu-tools-for-stm32.10.3-2021.10.win32_1.0.100.202210260954/tools/bin/../lib/gcc/arm-none-eabi/10.3.1/../../../../arm-none-eabi/lib/thumb/v7-m/nofp\libstdc++_nano.a(shared_ptr.o) (std::exception::~exception())
c:/st/stm32cubeide_1.11.0/stm32cubeide/plugins/com.st.stm32cube.ide.mcu.externaltools.gnu-tools-for-stm32.10.3-2021.10.win32_1.0.100.202210260954/tools/bin/../lib/gcc/arm-none-eabi/10.3.1/../../../../arm-none-eabi/lib/thumb/v7-m/nofp\libstdc++_nano.a(eh_terminate.o)
[...]
Memory Configuration

Name             Origin             Length             Attributes
RAM              0x0000000020000000 0x0000000000005000 xrw
FLASH            0x0000000008000000 0x0000000000010000 xr
*default*        0x0000000000000000 0xffffffffffffffff

Linker script and memory map

LOAD c:/st/stm32cubeide_1.11.0/stm32cubeide/plugins/com.st.stm32cube.ide.mcu.externaltools.gnu-tools-for-stm32.10.3-2021.10.win32_1.0.100.202210260954/tools/bin/../lib/gcc/arm-none-eabi/10.3.1/thumb/v7-m/nofp/crti.o
LOAD c:/st/stm32cubeide_1.11.0/stm32cubeide/plugins/com.st.stm32cube.ide.mcu.externaltools.gnu-tools-for-stm32.10.3-2021.10.win32_1.0.100.202210260954/tools/bin/../lib/gcc/arm-none-eabi/10.3.1/thumb/v7-m/nofp/crtbegin.o
LOAD c:/st/stm32cubeide_1.11.0/stm32cubeide/plugins/com.st.stm32cube.ide.mcu.externaltools.gnu-tools-for-stm32.10.3-2021.10.win32_1.0.100.202210260954/tools/bin/../lib/gcc/arm-none-eabi/10.3.1/../../../../arm-none-eabi/lib/thumb/v7-m/nofp/crt0.o
LOAD ./Core/Src/circular_buffer.o
LOAD ./Core/Src/main.o
LOAD ./Core/Src/stm32f1xx_hal_msp.o
LOAD ./Core/Src/stm32f1xx_it.o
LOAD ./Core/Src/syscalls.o
LOAD ./Core/Src/sysmem.o
LOAD ./Core/Src/system_stm32f1xx.o
LOAD ./Core/Src/uart.o
LOAD ./Core/Startup/startup_stm32f103c8tx.o
LOAD ./Cpp/Src/adaptive_filter.o
LOAD ./Cpp/Src/cpp_main.o
LOAD ./Cpp/Src/ds18b20.o
LOAD ./Cpp/Src/hs42056.o
LOAD ./Cpp/Src/on_off_regulator.o
LOAD ./Cpp/Src/pid_regualtor.o
LOAD ./Cpp/Src/relay_output.o
LOAD ./Cpp/Src/timing.o
LOAD ./Cpp/Src/tm1637.o
LOAD ./Drivers/STM32F1xx_HAL_Driver/Src/stm32f1xx_hal.o
LOAD ./Drivers/STM32F1xx_HAL_Driver/Src/stm32f1xx_hal_cortex.o
LOAD ./Drivers/STM32F1xx_HAL_Driver/Src/stm32f1xx_hal_dma.o
LOAD ./Drivers/STM32F1xx_HAL_Driver/Src/stm32f1xx_hal_exti.o
LOAD ./Drivers/STM32F1xx_HAL_Driver/Src/stm32f1xx_hal_flash.o
LOAD ./Drivers/STM32F1xx_HAL_Driver/Src/stm32f1xx_hal_flash_ex.o
LOAD ./Drivers/STM32F1xx_HAL_Driver/Src/stm32f1xx_hal_gpio.o
LOAD ./Drivers/STM32F1xx_HAL_Driver/Src/stm32f1xx_hal_gpio_ex.o
LOAD ./Drivers/STM32F1xx_HAL_Driver/Src/stm32f1xx_hal_pwr.o
LOAD ./Drivers/STM32F1xx_HAL_Driver/Src/stm32f1xx_hal_rcc.o
LOAD ./Drivers/STM32F1xx_HAL_Driver/Src/stm32f1xx_hal_rcc_ex.o
LOAD ./Drivers/STM32F1xx_HAL_Driver/Src/stm32f1xx_hal_tim.o
LOAD ./Drivers/STM32F1xx_HAL_Driver/Src/stm32f1xx_hal_tim_ex.o
LOAD ./Drivers/STM32F1xx_HAL_Driver/Src/stm32f1xx_hal_uart.o
START GROUP
LOAD c:/st/stm32cubeide_1.11.0/stm32cubeide/plugins/com.st.stm32cube.ide.mcu.externaltools.gnu-tools-for-stm32.10.3-2021.10.win32_1.0.100.202210260954/tools/bin/../lib/gcc/arm-none-eabi/10.3.1/../../../../arm-none-eabi/lib/thumb/v7-m/nofp\libstdc++_nano.a
LOAD c:/st/stm32cubeide_1.11.0/stm32cubeide/plugins/com.st.stm32cube.ide.mcu.externaltools.gnu-tools-for-stm32.10.3-2021.10.win32_1.0.100.202210260954/tools/bin/../lib/gcc/arm-none-eabi/10.3.1/../../../../arm-none-eabi/lib/thumb/v7-m/nofp\libsupc++_nano.a
END GROUP
LOAD c:/st/stm32cubeide_1.11.0/stm32cubeide/plugins/com.st.stm32cube.ide.mcu.externaltools.gnu-tools-for-stm32.10.3-2021.10.win32_1.0.100.202210260954/tools/bin/../lib/gcc/arm-none-eabi/10.3.1/../../../../arm-none-eabi/lib/thumb/v7-m/nofp\libstdc++_nano.a
LOAD c:/st/stm32cubeide_1.11.0/stm32cubeide/plugins/com.st.stm32cube.ide.mcu.externaltools.gnu-tools-for-stm32.10.3-2021.10.win32_1.0.100.202210260954/tools/bin/../lib/gcc/arm-none-eabi/10.3.1/../../../../arm-none-eabi/lib/thumb/v7-m/nofp\libm.a
LOAD c:/st/stm32cubeide_1.11.0/stm32cubeide/plugins/com.st.stm32cube.ide.mcu.externaltools.gnu-tools-for-stm32.10.3-2021.10.win32_1.0.100.202210260954/tools/bin/../lib/gcc/arm-none-eabi/10.3.1/../../../../arm-none-eabi/lib/thumb/v7-m/nofp\libc_nano.a
START GROUP
LOAD c:/st/stm32cubeide_1.11.0/stm32cubeide/plugins/com.st.stm32cube.ide.mcu.externaltools.gnu-tools-for-stm32.10.3-2021.10.win32_1.0.100.202210260954/tools/bin/../lib/gcc/arm-none-eabi/10.3.1/thumb/v7-m/nofp\libgcc.a
LOAD c:/st/stm32cubeide_1.11.0/stm32cubeide/plugins/com.st.stm32cube.ide.mcu.externaltools.gnu-tools-for-stm32.10.3-2021.10.win32_1.0.100.202210260954/tools/bin/../lib/gcc/arm-none-eabi/10.3.1/../../../../arm-none-eabi/lib/thumb/v7-m/nofp\libc_nano.a
END GROUP
START GROUP
LOAD c:/st/stm32cubeide_1.11.0/stm32cubeide/plugins/com.st.stm32cube.ide.mcu.externaltools.gnu-tools-for-stm32.10.3-2021.10.win32_1.0.100.202210260954/tools/bin/../lib/gcc/arm-none-eabi/10.3.1/thumb/v7-m/nofp\libgcc.a
LOAD c:/st/stm32cubeide_1.11.0/stm32cubeide/plugins/com.st.stm32cube.ide.mcu.externaltools.gnu-tools-for-stm32.10.3-2021.10.win32_1.0.100.202210260954/tools/bin/../lib/gcc/arm-none-eabi/10.3.1/../../../../arm-none-eabi/lib/thumb/v7-m/nofp\libc_nano.a
LOAD c:/st/stm32cubeide_1.11.0/stm32cubeide/plugins/com.st.stm32cube.ide.mcu.externaltools.gnu-tools-for-stm32.10.3-2021.10.win32_1.0.100.202210260954/tools/bin/../lib/gcc/arm-none-eabi/10.3.1/../../../../arm-none-eabi/lib/thumb/v7-m/nofp\libnosys.a
END GROUP
START GROUP
LOAD c:/st/stm32cubeide_1.11.0/stm32cubeide/plugins/com.st.stm32cube.ide.mcu.externaltools.gnu-tools-for-stm32.10.3-2021.10.win32_1.0.100.202210260954/tools/bin/../lib/gcc/arm-none-eabi/10.3.1/thumb/v7-m/nofp\libgcc.a
LOAD c:/st/stm32cubeide_1.11.0/stm32cubeide/plugins/com.st.stm32cube.ide.mcu.externaltools.gnu-tools-for-stm32.10.3-2021.10.win32_1.0.100.202210260954/tools/bin/../lib/gcc/arm-none-eabi/10.3.1/../../../../arm-none-eabi/lib/thumb/v7-m/nofp\libc_nano.a
LOAD c:/st/stm32cubeide_1.11.0/stm32cubeide/plugins/com.st.stm32cube.ide.mcu.externaltools.gnu-tools-for-stm32.10.3-2021.10.win32_1.0.100.202210260954/tools/bin/../lib/gcc/arm-none-eabi/10.3.1/../../../../arm-none-eabi/lib/thumb/v7-m/nofp\libnosys.a
END GROUP
LOAD c:/st/stm32cubeide_1.11.0/stm32cubeide/plugins/com.st.stm32cube.ide.mcu.externaltools.gnu-tools-for-stm32.10.3-2021.10.win32_1.0.100.202210260954/tools/bin/../lib/gcc/arm-none-eabi/10.3.1/thumb/v7-m/nofp/crtend.o
LOAD c:/st/stm32cubeide_1.11.0/stm32cubeide/plugins/com.st.stm32cube.ide.mcu.externaltools.gnu-tools-for-stm32.10.3-2021.10.win32_1.0.100.202210260954/tools/bin/../lib/gcc/arm-none-eabi/10.3.1/thumb/v7-m/nofp/crtn.o
                0x0000000020005000                _estack = (ORIGIN (RAM) + LENGTH (RAM))
                0x0000000000000200                _Min_Heap_Size = 0x200
                0x0000000000000400                _Min_Stack_Size = 0x400

.isr_vector     0x0000000008000000      0x10c
                0x0000000008000000                . = ALIGN (0x4)
 *(.isr_vector)
 .isr_vector    0x0000000008000000      0x10c ./Core/Startup/startup_stm32f103c8tx.o
                0x0000000008000000                g_pfnVectors
                0x000000000800010c                . = ALIGN (0x4)

.text           0x000000000800010c     0x7eec
                0x000000000800010c                . = ALIGN (0x4)
 *(.text)
 .text          0x000000000800010c       0x40 c:/st/stm32cubeide_1.11.0/stm32cubeide/plugins/com.st.stm32cube.ide.mcu.externaltools.gnu-tools-for-stm32.10.3-2021.10.win32_1.0.100.202210260954/tools/bin/../lib/gcc/arm-none-eabi/10.3.1/thumb/v7-m/nofp/crtbegin.o
 .text          0x000000000800014c       0x14 c:/st/stm32cubeide_1.11.0/stm32cubeide/plugins/com.st.stm32cube.ide.mcu.externaltools.gnu-tools-for-stm32.10.3-2021.10.win32_1.0.100.202210260954/tools/bin/../lib/gcc/arm-none-eabi/10.3.1/../../../../arm-none-eabi/lib/thumb/v7-m/nofp\libc_nano.a(lib_a-strcmp.o)
                0x000000000800014c                strcmp
 .text          0x0000000008000160       0x10 c:/st/stm32cubeide_1.11.0/stm32cubeide/plugins/com.st.stm32cube.ide.mcu.externaltools.gnu-tools-for-stm32.10.3-2021.10.win32_1.0.100.202210260954/tools/bin/../lib/gcc/arm-none-eabi/10.3.1/../../../../arm-none-eabi/lib/thumb/v7-m/nofp\libc_nano.a(lib_a-strlen.o)
                0x0000000008000160                strlen
 .text          0x0000000008000170      0x378 c:/st/stm32cubeide_1.11.0/stm32cubeide/plugins/com.st.stm32cube.ide.mcu.externaltools.gnu-tools-for-stm32.10.3-2021.10.win32_1.0.100.202210260954/tools/bin/../lib/gcc/arm-none-eabi/10.3.1/thumb/v7-m/nofp\libgcc.a(_arm_addsubdf3.o)
                0x0000000008000170                __aeabi_drsub
                0x0000000008000178                __aeabi_dsub
                0x0000000008000178                __subdf3
                0x000000000800017c                __aeabi_dadd
                0x000000000800017c                __adddf3
                0x00000000080003f4                __floatunsidf
                0x00000000080003f4                __aeabi_ui2d
                0x0000000008000414                __floatsidf
                0x0000000008000414                __aeabi_i2d
                0x0000000008000438                __aeabi_f2d
                0x0000000008000438                __extendsfdf2
                0x000000000800047c                __floatundidf
                0x000000000800047c                __aeabi_ul2d
                0x000000000800048c                __floatdidf
                0x000000000800048c                __aeabi_l2d
 .text          0x00000000080004e8      0x424 c:/st/stm32cubeide_1.11.0/stm32cubeide/plugins/com.st.stm32cube.ide.mcu.externaltools.gnu-tools-for-stm32.10.3-2021.10.win32_1.0.100.202210260954/tools/bin/../lib/gcc/arm-none-eabi/10.3.1/thumb/v7-m/nofp\libgcc.a(_arm_muldivdf3.o)
                0x00000000080004e8                __aeabi_dmul
                0x00000000080004e8                __muldf3
                0x000000000800073c                __divdf3
                0x000000000800073c                __aeabi_ddiv
 .text          0x000000000800090c       0xa0 c:/st/stm32cubeide_1.11.0/stm32cubeide/plugins/com.st.stm32cube.ide.mcu.externaltools.gnu-tools-for-stm32.10.3-2021.10.win32_1.0.100.202210260954/tools/bin/../lib/gcc/arm-none-eabi/10.3.1/thumb/v7-m/nofp\libgcc.a(_arm_truncdfsf2.o)
                0x000000000800090c                __truncdfsf2
                0x000000000800090c                __aeabi_d2f
 .text          0x00000000080009ac      0x21c c:/st/stm32cubeide_1.11.0/stm32cubeide/plugins/com.st.stm32cube.ide.mcu.externaltools.gnu-tools-for-stm32.10.3-2021.10.win32_1.0.100.202210260954/tools/bin/../lib/gcc/arm-none-eabi/10.3.1/thumb/v7-m/nofp\libgcc.a(_arm_addsubsf3.o)
                0x00000000080009ac                __aeabi_frsub
                0x00000000080009b4                __subsf3
                0x00000000080009b4                __aeabi_fsub
                0x00000000080009b8                __aeabi_fadd
                0x00000000080009b8                __addsf3
                0x0000000008000b18                __aeabi_ui2f
                0x0000000008000b18                __floatunsisf
                0x0000000008000b20                __aeabi_i2f
                0x0000000008000b20                __floatsisf
                0x0000000008000b3c                __aeabi_ul2f
                0x0000000008000b3c                __floatundisf
                0x0000000008000b4c                __aeabi_l2f
                0x0000000008000b4c                __floatdisf
 .text          0x0000000008000bc8      0x2a0 c:/st/stm32cubeide_1.11.0/stm32cubeide/plugins/com.st.stm32cube.ide.mcu.externaltools.gnu-tools-for-stm32.10.3-2021.10.win32_1.0.100.202210260954/tools/bin/../lib/gcc/arm-none-eabi/10.3.1/thumb/v7-m/nofp\libgcc.a(_arm_muldivsf3.o)
                0x0000000008000bc8                __mulsf3
                0x0000000008000bc8                __aeabi_fmul
                0x0000000008000d30                __aeabi_fdiv
                0x0000000008000d30                __divsf3
 .text          0x0000000008000e68       0xec c:/st/stm32cubeide_1.11.0/stm32cubeide/plugins/com.st.stm32cube.ide.mcu.externaltools.gnu-tools-for-stm32.10.3-2021.10.win32_1.0.100.202210260954/tools/bin/../lib/gcc/arm-none-eabi/10.3.1/thumb/v7-m/nofp\libgcc.a(_arm_cmpsf2.o)
                0x0000000008000e68                __gesf2
                0x0000000008000e68                __gtsf2
                0x0000000008000e70                __lesf2
                0x0000000008000e70                __ltsf2
                0x0000000008000e78                __nesf2
                0x0000000008000e78                __eqsf2
                0x0000000008000e78                __cmpsf2
                0x0000000008000ed8                __aeabi_cfrcmple
                0x0000000008000ee0                __aeabi_cfcmpeq
                0x0000000008000ee0                __aeabi_cfcmple
                0x0000000008000ef0                __aeabi_fcmpeq
                0x0000000008000f04                __aeabi_fcmplt
                0x0000000008000f18                __aeabi_fcmple
                0x0000000008000f2c                __aeabi_fcmpge
                0x0000000008000f40                __aeabi_fcmpgt
 .text          0x0000000008000f54       0x4c c:/st/stm32cubeide_1.11.0/stm32cubeide/plugins/com.st.stm32cube.ide.mcu.externaltools.gnu-tools-for-stm32.10.3-2021.10.win32_1.0.100.202210260954/tools/bin/../lib/gcc/arm-none-eabi/10.3.1/thumb/v7-m/nofp\libgcc.a(_arm_fixsfsi.o)
                0x0000000008000f54                __aeabi_f2iz
                0x0000000008000f54                __fixsfsi
 .text          0x0000000008000fa0       0x40 c:/st/stm32cubeide_1.11.0/stm32cubeide/plugins/com.st.stm32cube.ide.mcu.externaltools.gnu-tools-for-stm32.10.3-2021.10.win32_1.0.100.202210260954/tools/bin/../lib/gcc/arm-none-eabi/10.3.1/thumb/v7-m/nofp\libgcc.a(_arm_fixunssfsi.o)
                0x0000000008000fa0                __fixunssfsi
                0x0000000008000fa0                __aeabi_f2uiz
 *(.text*)
 .text.Timer1_Interrupt
                0x0000000008000fe0       0x38 ./Core/Src/main.o
                0x0000000008000fe0                Timer1_Interrupt
 .text.main     0x0000000008001018       0x28 ./Core/Src/main.o
                0x0000000008001018                main
 .text.SystemClock_Config
                0x0000000008001040       0x8a ./Core/Src/main.o
                0x0000000008001040                SystemClock_Config
 *fill*         0x00000000080010ca        0x2 
 .text.MX_TIM1_Init
                0x00000000080010cc       0xa0 ./Core/Src/main.o
 .text.MX_TIM2_Init
                0x000000000800116c       0x98 ./Core/Src/main.o
 .text.MX_GPIO_Init
                0x0000000008001204       0x98 ./Core/Src/main.o
 .text.Error_Handler
                0x000000000800129c        0xa ./Core/Src/main.o
                0x000000000800129c                Error_Handler
 *fill*         0x00000000080012a6        0x2 
 .text.HAL_MspInit
                0x00000000080012a8       0x64 ./Core/Src/stm32f1xx_hal_msp.o
                0x00000000080012a8                HAL_MspInit
 .text.HAL_TIM_Base_MspInit
                0x000000000800130c       0x70 ./Core/Src/stm32f1xx_hal_msp.o
                0x000000000800130c                HAL_TIM_Base_MspInit
 .text.NMI_Handler
                0x000000000800137c        0x6 ./Core/Src/stm32f1xx_it.o
                0x000000000800137c                NMI_Handler
 .text.HardFault_Handler
                0x0000000008001382        0x6 ./Core/Src/stm32f1xx_it.o
                0x0000000008001382                HardFault_Handler
 .text.MemManage_Handler
                0x0000000008001388        0x6 ./Core/Src/stm32f1xx_it.o
                0x0000000008001388                MemManage_Handler
 .text.BusFault_Handler
                0x000000000800138e        0x6 ./Core/Src/stm32f1xx_it.o
                0x000000000800138e                BusFault_Handler
 .text.UsageFault_Handler
                0x0000000008001394        0x6 ./Core/Src/stm32f1xx_it.o
                0x0000000008001394                UsageFault_Handler
 .text.SVC_Handler
                0x000000000800139a        0xc ./Core/Src/stm32f1xx_it.o
                0x000000000800139a                SVC_Handler
 .text.DebugMon_Handler
                0x00000000080013a6        0xc ./Core/Src/stm32f1xx_it.o
                0x00000000080013a6                DebugMon_Handler
 .text.PendSV_Handler
                0x00000000080013b2        0xc ./Core/Src/stm32f1xx_it.o
                0x00000000080013b2                PendSV_Handler
 .text.SysTick_Handler
                0x00000000080013be        0xc ./Core/Src/stm32f1xx_it.o
                0x00000000080013be                SysTick_Handler
 *fill*         0x00000000080013ca        0x2 
 .text.TIM1_UP_IRQHandler
                0x00000000080013cc       0x18 ./Core/Src/stm32f1xx_it.o
                0x00000000080013cc                TIM1_UP_IRQHandler
 .text._getpid  0x00000000080013e4        0xe ./Core/Src/syscalls.o
                0x00000000080013e4                _getpid
 .text._kill    0x00000000080013f2       0x20 ./Core/Src/syscalls.o
                0x00000000080013f2                _kill
 .text._exit    0x0000000008001412       0x14 ./Core/Src/syscalls.o
                0x0000000008001412                _exit
 *fill*         0x0000000008001426        0x2 
 .text._sbrk    0x0000000008001428       0x6c ./Core/Src/sysmem.o
                0x0000000008001428                _sbrk
 .text.SystemInit
                0x0000000008001494        0xc ./Core/Src/system_stm32f1xx.o
                0x0000000008001494                SystemInit
 .text.Reset_Handler
                0x00000000080014a0       0x48 ./Core/Startup/startup_stm32f103c8tx.o
                0x00000000080014a0                Reset_Handler
 .text.Default_Handler
                0x00000000080014e8        0x2 ./Core/Startup/startup_stm32f103c8tx.o
                0x00000000080014e8                RTC_Alarm_IRQHandler
                0x00000000080014e8                EXTI2_IRQHandler
                0x00000000080014e8                TIM1_CC_IRQHandler
                0x00000000080014e8                PVD_IRQHandler
                0x00000000080014e8                EXTI3_IRQHandler
                0x00000000080014e8                EXTI0_IRQHandler
                0x00000000080014e8                I2C2_EV_IRQHandler
                0x00000000080014e8                ADC1_2_IRQHandler
                0x00000000080014e8                SPI1_IRQHandler
                0x00000000080014e8                TAMPER_IRQHandler
                0x00000000080014e8                DMA1_Channel4_IRQHandler
                0x00000000080014e8                USART3_IRQHandler
                0x00000000080014e8                RTC_IRQHandler
                0x00000000080014e8                DMA1_Channel7_IRQHandler
                0x00000000080014e8                CAN1_RX1_IRQHandler
                0x00000000080014e8                TIM4_IRQHandler
                0x00000000080014e8                I2C1_EV_IRQHandler
                0x00000000080014e8                DMA1_Channel6_IRQHandler
                0x00000000080014e8                TIM3_IRQHandler
                0x00000000080014e8                RCC_IRQHandler
                0x00000000080014e8                TIM1_TRG_COM_IRQHandler
                0x00000000080014e8                DMA1_Channel1_IRQHandler
                0x00000000080014e8                Default_Handler
                0x00000000080014e8                EXTI15_10_IRQHandler
                0x00000000080014e8                EXTI9_5_IRQHandler
                0x00000000080014e8                SPI2_IRQHandler
                0x00000000080014e8                DMA1_Channel5_IRQHandler
                0x00000000080014e8                EXTI4_IRQHandler
                0x00000000080014e8                USB_LP_CAN1_RX0_IRQHandler
                0x00000000080014e8                USB_HP_CAN1_TX_IRQHandler
                0x00000000080014e8                DMA1_Channel3_IRQHandler
                0x00000000080014e8                WWDG_IRQHandler
                0x00000000080014e8                TIM2_IRQHandler
                0x00000000080014e8                TIM1_BRK_IRQHandler
                0x00000000080014e8                EXTI1_IRQHandler
                0x00000000080014e8                USART2_IRQHandler
                0x00000000080014e8                I2C2_ER_IRQHandler
                0x00000000080014e8                DMA1_Channel2_IRQHandler
                0x00000000080014e8                CAN1_SCE_IRQHandler
                0x00000000080014e8                FLASH_IRQHandler
                0x00000000080014e8                USART1_IRQHandler
                0x00000000080014e8                I2C1_ER_IRQHandler
                0x00000000080014e8                USBWakeUp_IRQHandler
 *fill*         0x00000000080014ea        0x2 
 .text._ZN14AdaptiveFilterC2Ev
                0x00000000080014ec       0x30 ./Cpp/Src/adaptive_filter.o
                0x00000000080014ec                AdaptiveFilter::AdaptiveFilter()
                0x00000000080014ec                AdaptiveFilter::AdaptiveFilter()
 .text._ZN14AdaptiveFilterD2Ev
                0x000000000800151c       0x20 ./Cpp/Src/adaptive_filter.o
                0x000000000800151c                AdaptiveFilter::~AdaptiveFilter()
                0x000000000800151c                AdaptiveFilter::~AdaptiveFilter()
 .text._ZN14AdaptiveFilterD0Ev
                0x000000000800153c       0x20 ./Cpp/Src/adaptive_filter.o
                0x000000000800153c                AdaptiveFilter::~AdaptiveFilter()
 .text._ZSt21is_constant_evaluatedv
                0x000000000800155c        0xe ./Cpp/Src/cpp_main.o
                0x000000000800155c                std::is_constant_evaluated()
 .text._ZnwjPv  0x000000000800156a       0x16 ./Cpp/Src/cpp_main.o
                0x000000000800156a                operator new(unsigned int, void*)
 .text._ZSt17__size_to_integerj
                0x0000000008001580       0x14 ./Cpp/Src/cpp_main.o
                0x0000000008001580                std::__size_to_integer(unsigned int)
 .text._ZNSt11char_traitsIcE6assignERcRKc
                0x0000000008001594       0x1c ./Cpp/Src/cpp_main.o
                0x0000000008001594                std::char_traits<char>::assign(char&, char const&)
 .text._ZNSt11char_traitsIcE6lengthEPKc
                0x00000000080015b0       0x2e ./Cpp/Src/cpp_main.o
                0x00000000080015b0                std::char_traits<char>::length(char const*)
 .text._ZNSt11char_traitsIcE4moveEPcPKcj
                0x00000000080015de       0x44 ./Cpp/Src/cpp_main.o
                0x00000000080015de                std::char_traits<char>::move(char*, char const*, unsigned int)
 .text._ZNSt11char_traitsIcE4copyEPcPKcj
                0x0000000008001622       0x4a ./Cpp/Src/cpp_main.o
                0x0000000008001622                std::char_traits<char>::copy(char*, char const*, unsigned int)
 .text._ZNSt11char_traitsIcE6assignEPcjc
                0x000000000800166c       0x4a ./Cpp/Src/cpp_main.o
                0x000000000800166c                std::char_traits<char>::assign(char*, unsigned int, char)
 .text._ZNSt16_Sp_counted_baseILN9__gnu_cxx12_Lock_policyE0EE15_M_add_ref_copyEv
                0x00000000080016b6       0x1c ./Cpp/Src/cpp_main.o
                0x00000000080016b6                std::_Sp_counted_base<(__gnu_cxx::_Lock_policy)0>::_M_add_ref_copy()
 .text._ZNSt16_Sp_counted_baseILN9__gnu_cxx12_Lock_policyE0EE10_M_releaseEv
                0x00000000080016d2       0x60 ./Cpp/Src/cpp_main.o
                0x00000000080016d2                std::_Sp_counted_base<(__gnu_cxx::_Lock_policy)0>::_M_release()
 *fill*         0x0000000008001732        0x2 
 .text._ZNSt19_Sp_make_shared_tag5_S_tiEv
                0x0000000008001734       0x14 ./Cpp/Src/cpp_main.o
                0x0000000008001734                std::_Sp_make_shared_tag::_S_ti()
 .text._ZNSt12__shared_ptrI7DS18B20LN9__gnu_cxx12_Lock_policyE0EED2Ev
                0x0000000008001748       0x1c ./Cpp/Src/cpp_main.o
                0x0000000008001748                std::__shared_ptr<DS18B20, (__gnu_cxx::_Lock_policy)0>::~__shared_ptr()
                0x0000000008001748                std::__shared_ptr<DS18B20, (__gnu_cxx::_Lock_policy)0>::~__shared_ptr()
 .text._ZNSt10shared_ptrI7DS18B20ED2Ev
                0x0000000008001764       0x1a ./Cpp/Src/cpp_main.o
                0x0000000008001764                std::shared_ptr<DS18B20>::~shared_ptr()
                0x0000000008001764                std::shared_ptr<DS18B20>::~shared_ptr()
 .text._ZNSt12__shared_ptrI14AdaptiveFilterLN9__gnu_cxx12_Lock_policyE0EED2Ev
                0x000000000800177e       0x1c ./Cpp/Src/cpp_main.o
                0x000000000800177e                std::__shared_ptr<AdaptiveFilter, (__gnu_cxx::_Lock_policy)0>::~__shared_ptr()
                0x000000000800177e                std::__shared_ptr<AdaptiveFilter, (__gnu_cxx::_Lock_policy)0>::~__shared_ptr()
 .text._ZNSt10shared_ptrI14AdaptiveFilterED2Ev
                0x000000000800179a       0x1a ./Cpp/Src/cpp_main.o
                0x000000000800179a                std::shared_ptr<AdaptiveFilter>::~shared_ptr()
                0x000000000800179a                std::shared_ptr<AdaptiveFilter>::~shared_ptr()
 .text._ZNSt12__shared_ptrI11RelayOutputLN9__gnu_cxx12_Lock_policyE0EED2Ev
                0x00000000080017b4       0x1c ./Cpp/Src/cpp_main.o
                0x00000000080017b4                std::__shared_ptr<RelayOutput, (__gnu_cxx::_Lock_policy)0>::~__shared_ptr()
                0x00000000080017b4                std::__shared_ptr<RelayOutput, (__gnu_cxx::_Lock_policy)0>::~__shared_ptr()
 .text._ZNSt10shared_ptrI11RelayOutputED2Ev
                0x00000000080017d0       0x1a ./Cpp/Src/cpp_main.o
                0x00000000080017d0                std::shared_ptr<RelayOutput>::~shared_ptr()
                0x00000000080017d0                std::shared_ptr<RelayOutput>::~shared_ptr()
 .text._ZNSt12__shared_ptrI14AdaptiveFilterLN9__gnu_cxx12_Lock_policyE0EEC2ERKS3_
                0x00000000080017ea       0x2c ./Cpp/Src/cpp_main.o
                0x00000000080017ea                std::__shared_ptr<AdaptiveFilter, (__gnu_cxx::_Lock_policy)0>::__shared_ptr(std::__shared_ptr<AdaptiveFilter, (__gnu_cxx::_Lock_policy)0> const&)
                0x00000000080017ea                std::__shared_ptr<AdaptiveFilter, (__gnu_cxx::_Lock_policy)0>::__shared_ptr(std::__shared_ptr<AdaptiveFilter, (__gnu_cxx::_Lock_policy)0> const&)
 .text._ZNSt10shared_ptrI14AdaptiveFilterEC2ERKS1_
                0x0000000008001816       0x20 ./Cpp/Src/cpp_main.o
                0x0000000008001816                std::shared_ptr<AdaptiveFilter>::shared_ptr(std::shared_ptr<AdaptiveFilter> const&)
                0x0000000008001816                std::shared_ptr<AdaptiveFilter>::shared_ptr(std::shared_ptr<AdaptiveFilter> const&)
 .text._ZNSt12__shared_ptrI7DS18B20LN9__gnu_cxx12_Lock_policyE0EEC2ERKS3_
                0x0000000008001836       0x2c ./Cpp/Src/cpp_main.o
                0x0000000008001836                std::__shared_ptr<DS18B20, (__gnu_cxx::_Lock_policy)0>::__shared_ptr(std::__shared_ptr<DS18B20, (__gnu_cxx::_Lock_policy)0> const&)
                0x0000000008001836                std::__shared_ptr<DS18B20, (__gnu_cxx::_Lock_policy)0>::__shared_ptr(std::__shared_ptr<DS18B20, (__gnu_cxx::_Lock_policy)0> const&)
 .text._ZNSt10shared_ptrI7DS18B20EC2ERKS1_
                0x0000000008001862       0x20 ./Cpp/Src/cpp_main.o
                0x0000000008001862                std::shared_ptr<DS18B20>::shared_ptr(std::shared_ptr<DS18B20> const&)
                0x0000000008001862                std::shared_ptr<DS18B20>::shared_ptr(std::shared_ptr<DS18B20> const&)
 .text._ZNSt12__shared_ptrI11RelayOutputLN9__gnu_cxx12_Lock_policyE0EEC2ERKS3_
                0x0000000008001882       0x2c ./Cpp/Src/cpp_main.o
                0x0000000008001882                std::__shared_ptr<RelayOutput, (__gnu_cxx::_Lock_policy)0>::__shared_ptr(std::__shared_ptr<RelayOutput, (__gnu_cxx::_Lock_policy)0> const&)
                0x0000000008001882                std::__shared_ptr<RelayOutput, (__gnu_cxx::_Lock_policy)0>::__shared_ptr(std::__shared_ptr<RelayOutput, (__gnu_cxx::_Lock_policy)0> const&)
 .text._ZNSt10shared_ptrI11RelayOutputEC2ERKS1_
                0x00000000080018ae       0x20 ./Cpp/Src/cpp_main.o
                0x00000000080018ae                std::shared_ptr<RelayOutput>::shared_ptr(std::shared_ptr<RelayOutput> const&)
                0x00000000080018ae                std::shared_ptr<RelayOutput>::shared_ptr(std::shared_ptr<RelayOutput> const&)
 *fill*         0x00000000080018ce        0x2 
 .text.CppMain  0x00000000080018d0      0x23c ./Cpp/Src/cpp_main.o
                0x00000000080018d0                CppMain
 .text._ZN9__gnu_cxx11char_traitsIcE2eqERKcS3_
                0x0000000008001b0c       0x26 ./Cpp/Src/cpp_main.o
                0x0000000008001b0c                __gnu_cxx::char_traits<char>::eq(char const&, char const&)
 .text._ZN9__gnu_cxx11char_traitsIcE6lengthEPKc
                0x0000000008001b32       0x40 ./Cpp/Src/cpp_main.o
                0x0000000008001b32                __gnu_cxx::char_traits<char>::length(char const*)
 .text._ZSt13copy_backwardIPKcPcET0_T_S4_S3_
                0x0000000008001b72       0x30 ./Cpp/Src/cpp_main.o
                0x0000000008001b72                char* std::copy_backward<char const*, char*>(char const*, char const*, char*)
 .text._ZSt4copyIPKcPcET0_T_S4_S3_
                0x0000000008001ba2       0x30 ./Cpp/Src/cpp_main.o
                0x0000000008001ba2                char* std::copy<char const*, char*>(char const*, char const*, char*)
 .text._ZN9__gnu_cxx11char_traitsIcE4moveEPcPKcj
                0x0000000008001bd2       0x74 ./Cpp/Src/cpp_main.o
                0x0000000008001bd2                __gnu_cxx::char_traits<char>::move(char*, char const*, unsigned int)
 .text._ZN9__gnu_cxx11char_traitsIcE4copyEPcPKcj
                0x0000000008001c46       0x26 ./Cpp/Src/cpp_main.o
                0x0000000008001c46                __gnu_cxx::char_traits<char>::copy(char*, char const*, unsigned int)
 .text._ZSt6fill_nIPcjcET_S1_T0_RKT1_
                0x0000000008001c6c       0x36 ./Cpp/Src/cpp_main.o
                0x0000000008001c6c                char* std::fill_n<char*, unsigned int, char>(char*, unsigned int, char const&)
 .text._ZN9__gnu_cxx11char_traitsIcE6assignEPcjc
                0x0000000008001ca2       0x24 ./Cpp/Src/cpp_main.o
                0x0000000008001ca2                __gnu_cxx::char_traits<char>::assign(char*, unsigned int, char)
 .text._ZNSt7__cxx1112basic_stringIcSt11char_traitsIcESaIcEE12_Alloc_hiderD2Ev
                0x0000000008001cc6       0x18 ./Cpp/Src/cpp_main.o
                0x0000000008001cc6                std::__cxx11::basic_string<char, std::char_traits<char>, std::allocator<char> >::_Alloc_hider::~_Alloc_hider()
                0x0000000008001cc6                std::__cxx11::basic_string<char, std::char_traits<char>, std::allocator<char> >::_Alloc_hider::~_Alloc_hider()
 .text._ZNSt7__cxx1112basic_stringIcSt11char_traitsIcESaIcEED2Ev
                0x0000000008001cde       0x20 ./Cpp/Src/cpp_main.o
                0x0000000008001cde                std::__cxx11::basic_string<char, std::char_traits<char>, std::allocator<char> >::~basic_string()
                0x0000000008001cde                std::__cxx11::basic_string<char, std::char_traits<char>, std::allocator<char> >::~basic_string()
 .text._ZNKSt7__cxx1112basic_stringIcSt11char_traitsIcESaIcEE4sizeEv
                0x0000000008001cfe       0x16 ./Cpp/Src/cpp_main.o
                0x0000000008001cfe                std::__cxx11::basic_string<char, std::char_traits<char>, std::allocator<char> >::size() const
 .text._ZNKSt7__cxx1112basic_stringIcSt11char_traitsIcESaIcEE6lengthEv
                0x0000000008001d14       0x16 ./Cpp/Src/cpp_main.o
                0x0000000008001d14                std::__cxx11::basic_string<char, std::char_traits<char>, std::allocator<char> >::length() const
 .text._ZNSt16_Sp_counted_baseILN9__gnu_cxx12_Lock_policyE0EE10_M_destroyEv
                0x0000000008001d2a       0x22 ./Cpp/Src/cpp_main.o
                0x0000000008001d2a                std::_Sp_counted_base<(__gnu_cxx::_Lock_policy)0>::_M_destroy()
 .text._ZSt11make_sharedI7DS18B20JP5TIMEREESt10shared_ptrIT_EDpOT0_
                0x0000000008001d4c       0x3c ./Cpp/Src/cpp_main.o
                0x0000000008001d4c                std::shared_ptr<DS18B20> std::make_shared<DS18B20, TIMER*>(TIMER*&&)
 .text._ZNSt14__shared_countILN9__gnu_cxx12_Lock_policyE0EED2Ev
                0x0000000008001d88       0x24 ./Cpp/Src/cpp_main.o
                0x0000000008001d88                std::__shared_count<(__gnu_cxx::_Lock_policy)0>::~__shared_count()
                0x0000000008001d88                std::__shared_count<(__gnu_cxx::_Lock_policy)0>::~__shared_count()
 .text._ZNSt7__cxx1112basic_stringIcSt11char_traitsIcESaIcEEC2IS3_EEPKcRKS3_
                0x0000000008001dac       0x4e ./Cpp/Src/cpp_main.o
                0x0000000008001dac                std::__cxx11::basic_string<char, std::char_traits<char>, std::allocator<char> >::basic_string<std::allocator<char> >(char const*, std::allocator<char> const&)
                0x0000000008001dac                std::__cxx11::basic_string<char, std::char_traits<char>, std::allocator<char> >::basic_string<std::allocator<char> >(char const*, std::allocator<char> const&)
 .text._ZSt11make_sharedI14AdaptiveFilterJEESt10shared_ptrIT_EDpOT0_
                0x0000000008001dfa       0x34 ./Cpp/Src/cpp_main.o
                0x0000000008001dfa                std::shared_ptr<AdaptiveFilter> std::make_shared<AdaptiveFilter>()
 .text._ZSt11make_sharedI11RelayOutputJEESt10shared_ptrIT_EDpOT0_
                0x0000000008001e2e       0x34 ./Cpp/Src/cpp_main.o
                0x0000000008001e2e                std::shared_ptr<RelayOutput> std::make_shared<RelayOutput>()
 .text._ZNSt14__shared_countILN9__gnu_cxx12_Lock_policyE0EEC2ERKS2_
                0x0000000008001e62       0x2e ./Cpp/Src/cpp_main.o
                0x0000000008001e62                std::__shared_count<(__gnu_cxx::_Lock_policy)0>::__shared_count(std::__shared_count<(__gnu_cxx::_Lock_policy)0> const&)
                0x0000000008001e62                std::__shared_count<(__gnu_cxx::_Lock_policy)0>::__shared_count(std::__shared_count<(__gnu_cxx::_Lock_policy)0> const&)
 .text._ZNKSt19__shared_ptr_accessI7DS18B20LN9__gnu_cxx12_Lock_policyE0ELb0ELb0EEptEv
                0x0000000008001e90       0x18 ./Cpp/Src/cpp_main.o
                0x0000000008001e90                std::__shared_ptr_access<DS18B20, (__gnu_cxx::_Lock_policy)0, false, false>::operator->() const
 .text._ZNSt7__cxx1112basic_stringIcSt11char_traitsIcESaIcEEaSEc
                0x0000000008001ea8       0x22 ./Cpp/Src/cpp_main.o
                0x0000000008001ea8                std::__cxx11::basic_string<char, std::char_traits<char>, std::allocator<char> >::operator=(char)
 .text._ZNSt7__cxx1112basic_stringIcSt11char_traitsIcESaIcEE9push_backEc
                0x0000000008001eca       0x68 ./Cpp/Src/cpp_main.o
                0x0000000008001eca                std::__cxx11::basic_string<char, std::char_traits<char>, std::allocator<char> >::push_back(char)
 .text._ZNSt7__cxx1112basic_stringIcSt11char_traitsIcESaIcEEC2ERKS4_
                0x0000000008001f32       0x6e ./Cpp/Src/cpp_main.o
                0x0000000008001f32                std::__cxx11::basic_string<char, std::char_traits<char>, std::allocator<char> >::basic_string(std::__cxx11::basic_string<char, std::char_traits<char>, std::allocator<char> > const&)
                0x0000000008001f32                std::__cxx11::basic_string<char, std::char_traits<char>, std::allocator<char> >::basic_string(std::__cxx11::basic_string<char, std::char_traits<char>, std::allocator<char> > const&)
 .text._ZSt12__miter_baseIPKcET_S2_
                0x0000000008001fa0       0x14 ./Cpp/Src/cpp_main.o
                0x0000000008001fa0                char const* std::__miter_base<char const*>(char const*)
 .text._ZSt22__copy_move_backward_aILb0EPKcPcET1_T0_S4_S3_
                0x0000000008001fb4       0x46 ./Cpp/Src/cpp_main.o
                0x0000000008001fb4                char* std::__copy_move_backward_a<false, char const*, char*>(char const*, char const*, char*)
 .text._ZSt13__copy_move_aILb0EPKcPcET1_T0_S4_S3_
                0x0000000008001ffa       0x46 ./Cpp/Src/cpp_main.o
                0x0000000008001ffa                char* std::__copy_move_a<false, char const*, char*>(char const*, char const*, char*)
 .text._ZSt19__iterator_categoryIPcENSt15iterator_traitsIT_E17iterator_categoryERKS2_
                0x0000000008002040       0x12 ./Cpp/Src/cpp_main.o
                0x0000000008002040                std::iterator_traits<char*>::iterator_category std::__iterator_category<char*>(char* const&)
 .text._ZSt10__fill_n_aIPcjcET_S1_T0_RKT1_St26random_access_iterator_tag
                0x0000000008002052       0x36 ./Cpp/Src/cpp_main.o
                0x0000000008002052                char* std::__fill_n_a<char*, unsigned int, char>(char*, unsigned int, char const&, std::random_access_iterator_tag)
 .text._ZNKSt7__cxx1112basic_stringIcSt11char_traitsIcESaIcEE7_M_dataEv
                0x0000000008002088       0x16 ./Cpp/Src/cpp_main.o
                0x0000000008002088                std::__cxx11::basic_string<char, std::char_traits<char>, std::allocator<char> >::_M_data() const
 .text._ZNSt7__cxx1112basic_stringIcSt11char_traitsIcESaIcEE13_M_local_dataEv
                0x000000000800209e       0x1c ./Cpp/Src/cpp_main.o
                0x000000000800209e                std::__cxx11::basic_string<char, std::char_traits<char>, std::allocator<char> >::_M_local_data()
 .text._ZNSt7__cxx1112basic_stringIcSt11char_traitsIcESaIcEE12_Alloc_hiderC2EPcRKS3_
                0x00000000080020ba       0x24 ./Cpp/Src/cpp_main.o
                0x00000000080020ba                std::__cxx11::basic_string<char, std::char_traits<char>, std::allocator<char> >::_Alloc_hider::_Alloc_hider(char*, std::allocator<char> const&)
                0x00000000080020ba                std::__cxx11::basic_string<char, std::char_traits<char>, std::allocator<char> >::_Alloc_hider::_Alloc_hider(char*, std::allocator<char> const&)
 .text._ZNSt7__cxx1112basic_stringIcSt11char_traitsIcESaIcEE10_M_disposeEv
                0x00000000080020de       0x2e ./Cpp/Src/cpp_main.o
                0x00000000080020de                std::__cxx11::basic_string<char, std::char_traits<char>, std::allocator<char> >::_M_dispose()
 .text._ZNSt7__cxx1112basic_stringIcSt11char_traitsIcESaIcEE16_M_get_allocatorEv
                0x000000000800210c       0x14 ./Cpp/Src/cpp_main.o
                0x000000000800210c                std::__cxx11::basic_string<char, std::char_traits<char>, std::allocator<char> >::_M_get_allocator()
 .text._ZSt4moveIRSaIcEEONSt16remove_referenceIT_E4typeEOS3_
                0x0000000008002120       0x14 ./Cpp/Src/cpp_main.o
                0x0000000008002120                std::remove_reference<std::allocator<char>&>::type&& std::move<std::allocator<char>&>(std::allocator<char>&)
 .text._ZNSt7__cxx1112basic_stringIcSt11char_traitsIcESaIcEE12_Alloc_hiderC2EPcOS3_
                0x0000000008002134       0x2c ./Cpp/Src/cpp_main.o
                0x0000000008002134                std::__cxx11::basic_string<char, std::char_traits<char>, std::allocator<char> >::_Alloc_hider::_Alloc_hider(char*, std::allocator<char>&&)
                0x0000000008002134                std::__cxx11::basic_string<char, std::char_traits<char>, std::allocator<char> >::_Alloc_hider::_Alloc_hider(char*, std::allocator<char>&&)
 .text._ZNKSt7__cxx1112basic_stringIcSt11char_traitsIcESaIcEE11_M_is_localEv
                0x0000000008002160       0x2a ./Cpp/Src/cpp_main.o
                0x0000000008002160                std::__cxx11::basic_string<char, std::char_traits<char>, std::allocator<char> >::_M_is_local() const
 .text._ZNSt7__cxx1112basic_stringIcSt11char_traitsIcESaIcEE7_M_dataEPc
                0x000000000800218a       0x1a ./Cpp/Src/cpp_main.o
                0x000000000800218a                std::__cxx11::basic_string<char, std::char_traits<char>, std::allocator<char> >::_M_data(char*)
 .text._ZNSt7__cxx1112basic_stringIcSt11char_traitsIcESaIcEE11_M_capacityEj
                0x00000000080021a4       0x1a ./Cpp/Src/cpp_main.o
                0x00000000080021a4                std::__cxx11::basic_string<char, std::char_traits<char>, std::allocator<char> >::_M_capacity(unsigned int)
 .text._ZNSt7__cxx1112basic_stringIcSt11char_traitsIcESaIcEE9_M_lengthEj
                0x00000000080021be       0x1a ./Cpp/Src/cpp_main.o
                0x00000000080021be                std::__cxx11::basic_string<char, std::char_traits<char>, std::allocator<char> >::_M_length(unsigned int)
 .text._ZNSt7__cxx1112basic_stringIcSt11char_traitsIcESaIcEE13_M_set_lengthEj
                0x00000000080021d8       0x36 ./Cpp/Src/cpp_main.o
                0x00000000080021d8                std::__cxx11::basic_string<char, std::char_traits<char>, std::allocator<char> >::_M_set_length(unsigned int)
 .text._ZNKSt7__cxx1112basic_stringIcSt11char_traitsIcESaIcEE8capacityEv
                0x000000000800220e       0x24 ./Cpp/Src/cpp_main.o
                0x000000000800220e                std::__cxx11::basic_string<char, std::char_traits<char>, std::allocator<char> >::capacity() const
 *fill*         0x0000000008002232        0x2 
 .text._ZNSt16_Sp_counted_baseILN9__gnu_cxx12_Lock_policyE0EED2Ev
                0x0000000008002234       0x20 ./Cpp/Src/cpp_main.o
                0x0000000008002234                std::_Sp_counted_base<(__gnu_cxx::_Lock_policy)0>::~_Sp_counted_base()
                0x0000000008002234                std::_Sp_counted_base<(__gnu_cxx::_Lock_policy)0>::~_Sp_counted_base()
 .text._ZNSt16_Sp_counted_baseILN9__gnu_cxx12_Lock_policyE0EED0Ev
                0x0000000008002254       0x20 ./Cpp/Src/cpp_main.o
                0x0000000008002254                std::_Sp_counted_base<(__gnu_cxx::_Lock_policy)0>::~_Sp_counted_base()
 .text._ZNSaI7DS18B20EC2Ev
                0x0000000008002274       0x18 ./Cpp/Src/cpp_main.o
                0x0000000008002274                std::allocator<DS18B20>::allocator()
                0x0000000008002274                std::allocator<DS18B20>::allocator()
 .text._ZNSaI7DS18B20ED2Ev
                0x000000000800228c       0x14 ./Cpp/Src/cpp_main.o
                0x000000000800228c                std::allocator<DS18B20>::~allocator()
                0x000000000800228c                std::allocator<DS18B20>::~allocator()
 .text._ZSt7forwardIP5TIMEREOT_RNSt16remove_referenceIS2_E4typeE
                0x00000000080022a0       0x14 ./Cpp/Src/cpp_main.o
                0x00000000080022a0                TIMER*&& std::forward<TIMER*>(std::remove_reference<TIMER*>::type&)
 .text._ZSt15allocate_sharedI7DS18B20SaIS0_EJP5TIMEREESt10shared_ptrIT_ERKT0_DpOT1_
                0x00000000080022b4       0x28 ./Cpp/Src/cpp_main.o
                0x00000000080022b4                std::shared_ptr<DS18B20> std::allocate_shared<DS18B20, std::allocator<DS18B20>, TIMER*>(std::allocator<DS18B20> const&, TIMER*&&)
 .text._ZSt8distanceIPKcENSt15iterator_traitsIT_E15difference_typeES3_S3_
                0x00000000080022dc       0x28 ./Cpp/Src/cpp_main.o
                0x00000000080022dc                std::iterator_traits<char const*>::difference_type std::distance<char const*>(char const*, char const*)
 .text._ZNSt7__cxx1112basic_stringIcSt11char_traitsIcESaIcEE12_M_constructIPKcEEvT_S8_St20forward_iterator_tag
                0x0000000008002304       0x90 ./Cpp/Src/cpp_main.o
                0x0000000008002304                void std::__cxx11::basic_string<char, std::char_traits<char>, std::allocator<char> >::_M_construct<char const*>(char const*, char const*, std::forward_iterator_tag)
 .text._ZNSaI14AdaptiveFilterEC2Ev
                0x0000000008002394       0x18 ./Cpp/Src/cpp_main.o
                0x0000000008002394                std::allocator<AdaptiveFilter>::allocator()
                0x0000000008002394                std::allocator<AdaptiveFilter>::allocator()
 .text._ZNSaI14AdaptiveFilterED2Ev
                0x00000000080023ac       0x14 ./Cpp/Src/cpp_main.o
                0x00000000080023ac                std::allocator<AdaptiveFilter>::~allocator()
                0x00000000080023ac                std::allocator<AdaptiveFilter>::~allocator()
 .text._ZSt15allocate_sharedI14AdaptiveFilterSaIS0_EJEESt10shared_ptrIT_ERKT0_DpOT1_
                0x00000000080023c0       0x1c ./Cpp/Src/cpp_main.o
                0x00000000080023c0                std::shared_ptr<AdaptiveFilter> std::allocate_shared<AdaptiveFilter, std::allocator<AdaptiveFilter>>(std::allocator<AdaptiveFilter> const&)
 .text._ZNSaI11RelayOutputEC2Ev
                0x00000000080023dc       0x18 ./Cpp/Src/cpp_main.o
                0x00000000080023dc                std::allocator<RelayOutput>::allocator()
                0x00000000080023dc                std::allocator<RelayOutput>::allocator()
 .text._ZNSaI11RelayOutputED2Ev
                0x00000000080023f4       0x14 ./Cpp/Src/cpp_main.o
                0x00000000080023f4                std::allocator<RelayOutput>::~allocator()
                0x00000000080023f4                std::allocator<RelayOutput>::~allocator()
 .text._ZSt15allocate_sharedI11RelayOutputSaIS0_EJEESt10shared_ptrIT_ERKT0_DpOT1_
                0x0000000008002408       0x1c ./Cpp/Src/cpp_main.o
                0x0000000008002408                std::shared_ptr<RelayOutput> std::allocate_shared<RelayOutput, std::allocator<RelayOutput>>(std::allocator<RelayOutput> const&)
 .text._ZNKSt19__shared_ptr_accessI7DS18B20LN9__gnu_cxx12_Lock_policyE0ELb0ELb0EE6_M_getEv
                0x0000000008002424       0x18 ./Cpp/Src/cpp_main.o
                0x0000000008002424                std::__shared_ptr_access<DS18B20, (__gnu_cxx::_Lock_policy)0, false, false>::_M_get() const
 .text._ZNSt7__cxx1112basic_stringIcSt11char_traitsIcESaIcEE6assignEjc
                0x000000000800243c       0x2e ./Cpp/Src/cpp_main.o
                0x000000000800243c                std::__cxx11::basic_string<char, std::char_traits<char>, std::allocator<char> >::assign(unsigned int, char)
 .text._ZNSt7__cxx1112basic_stringIcSt11char_traitsIcESaIcEE9_M_mutateEjjPKcj
                0x000000000800246a       0xc6 ./Cpp/Src/cpp_main.o
                0x000000000800246a                std::__cxx11::basic_string<char, std::char_traits<char>, std::allocator<char> >::_M_mutate(unsigned int, unsigned int, char const*, unsigned int)
 .text._ZN9__gnu_cxx14__alloc_traitsISaIcEcE17_S_select_on_copyERKS1_
                0x0000000008002530       0x1c ./Cpp/Src/cpp_main.o
                0x0000000008002530                __gnu_cxx::__alloc_traits<std::allocator<char>, char>::_S_select_on_copy(std::allocator<char> const&)
 .text._ZNKSt7__cxx1112basic_stringIcSt11char_traitsIcESaIcEE16_M_get_allocatorEv
                0x000000000800254c       0x14 ./Cpp/Src/cpp_main.o
                0x000000000800254c                std::__cxx11::basic_string<char, std::char_traits<char>, std::allocator<char> >::_M_get_allocator() const
 .text._ZNSt7__cxx1112basic_stringIcSt11char_traitsIcESaIcEE12_M_constructIPcEEvT_S7_
                0x0000000008002560       0x1e ./Cpp/Src/cpp_main.o
                0x0000000008002560                void std::__cxx11::basic_string<char, std::char_traits<char>, std::allocator<char> >::_M_construct<char*>(char*, char*)
 .text._ZSt12__niter_baseIPKcET_S2_
                0x000000000800257e       0x14 ./Cpp/Src/cpp_main.o
                0x000000000800257e                char const* std::__niter_base<char const*>(char const*)
 .text._ZSt12__niter_baseIPcET_S1_
                0x0000000008002592       0x14 ./Cpp/Src/cpp_main.o
                0x0000000008002592                char* std::__niter_base<char*>(char*)
 .text._ZSt23__copy_move_backward_a1ILb0EPKcPcET1_T0_S4_S3_
                0x00000000080025a6       0x20 ./Cpp/Src/cpp_main.o
                0x00000000080025a6                char* std::__copy_move_backward_a1<false, char const*, char*>(char const*, char const*, char*)
 .text._ZSt12__niter_wrapIPcET_RKS1_S1_
                0x00000000080025c6       0x16 ./Cpp/Src/cpp_main.o
                0x00000000080025c6                char* std::__niter_wrap<char*>(char* const&, char*)
 .text._ZSt14__copy_move_a1ILb0EPKcPcET1_T0_S4_S3_
                0x00000000080025dc       0x20 ./Cpp/Src/cpp_main.o
                0x00000000080025dc                char* std::__copy_move_a1<false, char const*, char*>(char const*, char const*, char*)
 .text._ZSt8__fill_aIPccEvT_S1_RKT0_
                0x00000000080025fc       0x1e ./Cpp/Src/cpp_main.o
                0x00000000080025fc                void std::__fill_a<char*, char>(char*, char*, char const&)
 .text._ZNSt14pointer_traitsIPcE10pointer_toERc
                0x000000000800261a       0x18 ./Cpp/Src/cpp_main.o
                0x000000000800261a                std::pointer_traits<char*>::pointer_to(char&)
 *fill*         0x0000000008002632        0x2 
 .text._ZNSt7__cxx1112basic_stringIcSt11char_traitsIcESaIcEE9_M_createERjj
                0x0000000008002634       0x94 ./Cpp/Src/cpp_main.o
                0x0000000008002634                std::__cxx11::basic_string<char, std::char_traits<char>, std::allocator<char> >::_M_create(unsigned int&, unsigned int)
 .text._ZNSt7__cxx1112basic_stringIcSt11char_traitsIcESaIcEE9_S_assignEPcjc
                0x00000000080026c8       0x34 ./Cpp/Src/cpp_main.o
                0x00000000080026c8                std::__cxx11::basic_string<char, std::char_traits<char>, std::allocator<char> >::_S_assign(char*, unsigned int, char)
 .text._ZNSt7__cxx1112basic_stringIcSt11char_traitsIcESaIcEE10_M_destroyEj
                0x00000000080026fc       0x2e ./Cpp/Src/cpp_main.o
                0x00000000080026fc                std::__cxx11::basic_string<char, std::char_traits<char>, std::allocator<char> >::_M_destroy(unsigned int)
 .text._ZNKSt7__cxx1112basic_stringIcSt11char_traitsIcESaIcEE13_M_local_dataEv
                0x000000000800272a       0x1c ./Cpp/Src/cpp_main.o
                0x000000000800272a                std::__cxx11::basic_string<char, std::char_traits<char>, std::allocator<char> >::_M_local_data() const
 .text._ZNKSt7__cxx1112basic_stringIcSt11char_traitsIcESaIcEE15_M_check_lengthEjjPKc
                0x0000000008002746       0x42 ./Cpp/Src/cpp_main.o
                0x0000000008002746                std::__cxx11::basic_string<char, std::char_traits<char>, std::allocator<char> >::_M_check_length(unsigned int, unsigned int, char const*) const
 .text._ZN9__gnu_cxx13new_allocatorI7DS18B20EC2Ev
                0x0000000008002788       0x14 ./Cpp/Src/cpp_main.o
                0x0000000008002788                __gnu_cxx::new_allocator<DS18B20>::new_allocator()
                0x0000000008002788                __gnu_cxx::new_allocator<DS18B20>::new_allocator()
 .text._ZNSt10shared_ptrI7DS18B20EC2ISaIS0_EJP5TIMEREEESt20_Sp_alloc_shared_tagIT_EDpOT0_
                0x000000000800279c       0x2a ./Cpp/Src/cpp_main.o
                0x000000000800279c                std::shared_ptr<DS18B20>::shared_ptr<std::allocator<DS18B20>, TIMER*>(std::_Sp_alloc_shared_tag<std::allocator<DS18B20> >, TIMER*&&)
                0x000000000800279c                std::shared_ptr<DS18B20>::shared_ptr<std::allocator<DS18B20>, TIMER*>(std::_Sp_alloc_shared_tag<std::allocator<DS18B20> >, TIMER*&&)
 .text._ZN9__gnu_cxx17__is_null_pointerIKcEEbPT_
                0x00000000080027c6       0x1e ./Cpp/Src/cpp_main.o
                0x00000000080027c6                bool __gnu_cxx::__is_null_pointer<char const>(char const*)
 .text._ZSt19__iterator_categoryIPKcENSt15iterator_traitsIT_E17iterator_categoryERKS3_
                0x00000000080027e4       0x12 ./Cpp/Src/cpp_main.o
                0x00000000080027e4                std::iterator_traits<char const*>::iterator_category std::__iterator_category<char const*>(char const* const&)
 .text._ZSt10__distanceIPKcENSt15iterator_traitsIT_E15difference_typeES3_S3_St26random_access_iterator_tag
                0x00000000080027f6       0x1c ./Cpp/Src/cpp_main.o
                0x00000000080027f6                std::iterator_traits<char const*>::difference_type std::__distance<char const*>(char const*, char const*, std::random_access_iterator_tag)
 .text._ZNSt7__cxx1112basic_stringIcSt11char_traitsIcESaIcEE13_S_copy_charsEPcPKcS7_
                0x0000000008002812       0x24 ./Cpp/Src/cpp_main.o
                0x0000000008002812                std::__cxx11::basic_string<char, std::char_traits<char>, std::allocator<char> >::_S_copy_chars(char*, char const*, char const*)
 .text._ZN9__gnu_cxx13new_allocatorI14AdaptiveFilterEC2Ev
                0x0000000008002836       0x14 ./Cpp/Src/cpp_main.o
                0x0000000008002836                __gnu_cxx::new_allocator<AdaptiveFilter>::new_allocator()
                0x0000000008002836                __gnu_cxx::new_allocator<AdaptiveFilter>::new_allocator()
 .text._ZNSt10shared_ptrI14AdaptiveFilterEC2ISaIS0_EJEEESt20_Sp_alloc_shared_tagIT_EDpOT0_
                0x000000000800284a       0x1e ./Cpp/Src/cpp_main.o
                0x000000000800284a                std::shared_ptr<AdaptiveFilter>::shared_ptr<std::allocator<AdaptiveFilter>>(std::_Sp_alloc_shared_tag<std::allocator<AdaptiveFilter> >)
                0x000000000800284a                std::shared_ptr<AdaptiveFilter>::shared_ptr<std::allocator<AdaptiveFilter>>(std::_Sp_alloc_shared_tag<std::allocator<AdaptiveFilter> >)
 .text._ZN9__gnu_cxx13new_allocatorI11RelayOutputEC2Ev
                0x0000000008002868       0x14 ./Cpp/Src/cpp_main.o
                0x0000000008002868                __gnu_cxx::new_allocator<RelayOutput>::new_allocator()
                0x0000000008002868                __gnu_cxx::new_allocator<RelayOutput>::new_allocator()
 .text._ZNSt10shared_ptrI11RelayOutputEC2ISaIS0_EJEEESt20_Sp_alloc_shared_tagIT_EDpOT0_
                0x000000000800287c       0x1e ./Cpp/Src/cpp_main.o
                0x000000000800287c                std::shared_ptr<RelayOutput>::shared_ptr<std::allocator<RelayOutput>>(std::_Sp_alloc_shared_tag<std::allocator<RelayOutput> >)
                0x000000000800287c                std::shared_ptr<RelayOutput>::shared_ptr<std::allocator<RelayOutput>>(std::_Sp_alloc_shared_tag<std::allocator<RelayOutput> >)
 .text._ZNKSt12__shared_ptrI7DS18B20LN9__gnu_cxx12_Lock_policyE0EE3getEv
                0x000000000800289a       0x16 ./Cpp/Src/cpp_main.o
                0x000000000800289a                std::__shared_ptr<DS18B20, (__gnu_cxx::_Lock_policy)0>::get() const
 .text._ZNSt7__cxx1112basic_stringIcSt11char_traitsIcESaIcEE14_M_replace_auxEjjjc
                0x00000000080028b0       0xc8 ./Cpp/Src/cpp_main.o
                0x00000000080028b0                std::__cxx11::basic_string<char, std::char_traits<char>, std::allocator<char> >::_M_replace_aux(unsigned int, unsigned int, unsigned int, char)
 .text._ZNSt7__cxx1112basic_stringIcSt11char_traitsIcESaIcEE7_S_copyEPcPKcj
                0x0000000008002978       0x2e ./Cpp/Src/cpp_main.o
                0x0000000008002978                std::__cxx11::basic_string<char, std::char_traits<char>, std::allocator<char> >::_S_copy(char*, char const*, unsigned int)
 .text._ZNSt16allocator_traitsISaIcEE37select_on_container_copy_constructionERKS0_
                0x00000000080029a6       0x1a ./Cpp/Src/cpp_main.o
                0x00000000080029a6                std::allocator_traits<std::allocator<char> >::select_on_container_copy_construction(std::allocator<char> const&)
 .text._ZNSt7__cxx1112basic_stringIcSt11char_traitsIcESaIcEE16_M_construct_auxIPcEEvT_S7_St12__false_type
                0x00000000080029c0       0x22 ./Cpp/Src/cpp_main.o
                0x00000000080029c0                void std::__cxx11::basic_string<char, std::char_traits<char>, std::allocator<char> >::_M_construct_aux<char*>(char*, char*, std::__false_type)
 .text._ZSt23__copy_move_backward_a2ILb0EPKcPcET1_T0_S4_S3_
                0x00000000080029e2       0x3a ./Cpp/Src/cpp_main.o
                0x00000000080029e2                char* std::__copy_move_backward_a2<false, char const*, char*>(char const*, char const*, char*)
 .text._ZSt14__copy_move_a2ILb0EPKcPcET1_T0_S4_S3_
                0x0000000008002a1c       0x3a ./Cpp/Src/cpp_main.o
                0x0000000008002a1c                char* std::__copy_move_a2<false, char const*, char*>(char const*, char const*, char*)
 .text._ZSt9__fill_a1IcEN9__gnu_cxx11__enable_ifIXsrSt9__is_byteIT_E7__valueEvE6__typeEPS3_S7_RKS3_
                0x0000000008002a56       0x56 ./Cpp/Src/cpp_main.o
                0x0000000008002a56                __gnu_cxx::__enable_if<std::__is_byte<char>::__value, void>::__type std::__fill_a1<char>(char*, char*, char const&)
 .text._ZSt9addressofIcEPT_RS0_
                0x0000000008002aac       0x18 ./Cpp/Src/cpp_main.o
                0x0000000008002aac                char* std::addressof<char>(char&)
 .text._ZNKSt7__cxx1112basic_stringIcSt11char_traitsIcESaIcEE8max_sizeEv
                0x0000000008002ac4       0x24 ./Cpp/Src/cpp_main.o
                0x0000000008002ac4                std::__cxx11::basic_string<char, std::char_traits<char>, std::allocator<char> >::max_size() const
 .text._ZNSt16allocator_traitsISaIcEE8allocateERS0_j
                0x0000000008002ae8       0x3c ./Cpp/Src/cpp_main.o
                0x0000000008002ae8                std::allocator_traits<std::allocator<char> >::allocate(std::allocator<char>&, unsigned int)
 .text._ZNSt16allocator_traitsISaIcEE10deallocateERS0_Pcj
                0x0000000008002b24       0x3e ./Cpp/Src/cpp_main.o
                0x0000000008002b24                std::allocator_traits<std::allocator<char> >::deallocate(std::allocator<char>&, char*, unsigned int)
 .text._ZNSt14pointer_traitsIPKcE10pointer_toERS0_
                0x0000000008002b62       0x18 ./Cpp/Src/cpp_main.o
                0x0000000008002b62                std::pointer_traits<char const*>::pointer_to(char const&)
 .text._ZNSt12__shared_ptrI7DS18B20LN9__gnu_cxx12_Lock_policyE0EEC2ISaIS0_EJP5TIMEREEESt20_Sp_alloc_shared_tagIT_EDpOT0_
                0x0000000008002b7a       0x40 ./Cpp/Src/cpp_main.o
                0x0000000008002b7a                std::__shared_ptr<DS18B20, (__gnu_cxx::_Lock_policy)0>::__shared_ptr<std::allocator<DS18B20>, TIMER*>(std::_Sp_alloc_shared_tag<std::allocator<DS18B20> >, TIMER*&&)
                0x0000000008002b7a                std::__shared_ptr<DS18B20, (__gnu_cxx::_Lock_policy)0>::__shared_ptr<std::allocator<DS18B20>, TIMER*>(std::_Sp_alloc_shared_tag<std::allocator<DS18B20> >, TIMER*&&)
 .text._ZNSt12__shared_ptrI14AdaptiveFilterLN9__gnu_cxx12_Lock_policyE0EEC2ISaIS0_EJEEESt20_Sp_alloc_shared_tagIT_EDpOT0_
                0x0000000008002bba       0x34 ./Cpp/Src/cpp_main.o
                0x0000000008002bba                std::__shared_ptr<AdaptiveFilter, (__gnu_cxx::_Lock_policy)0>::__shared_ptr<std::allocator<AdaptiveFilter>>(std::_Sp_alloc_shared_tag<std::allocator<AdaptiveFilter> >)
                0x0000000008002bba                std::__shared_ptr<AdaptiveFilter, (__gnu_cxx::_Lock_policy)0>::__shared_ptr<std::allocator<AdaptiveFilter>>(std::_Sp_alloc_shared_tag<std::allocator<AdaptiveFilter> >)
 .text._ZNSt12__shared_ptrI11RelayOutputLN9__gnu_cxx12_Lock_policyE0EEC2ISaIS0_EJEEESt20_Sp_alloc_shared_tagIT_EDpOT0_
                0x0000000008002bee       0x34 ./Cpp/Src/cpp_main.o
                0x0000000008002bee                std::__shared_ptr<RelayOutput, (__gnu_cxx::_Lock_policy)0>::__shared_ptr<std::allocator<RelayOutput>>(std::_Sp_alloc_shared_tag<std::allocator<RelayOutput> >)
                0x0000000008002bee                std::__shared_ptr<RelayOutput, (__gnu_cxx::_Lock_policy)0>::__shared_ptr<std::allocator<RelayOutput>>(std::_Sp_alloc_shared_tag<std::allocator<RelayOutput> >)
 .text._ZNSt7__cxx1112basic_stringIcSt11char_traitsIcESaIcEE7_S_moveEPcPKcj
                0x0000000008002c22       0x2e ./Cpp/Src/cpp_main.o
                0x0000000008002c22                std::__cxx11::basic_string<char, std::char_traits<char>, std::allocator<char> >::_S_move(char*, char const*, unsigned int)
 .text._ZSt8distanceIPcENSt15iterator_traitsIT_E15difference_typeES2_S2_
                0x0000000008002c50       0x28 ./Cpp/Src/cpp_main.o
                0x0000000008002c50                std::iterator_traits<char*>::difference_type std::distance<char*>(char*, char*)
 .text._ZNSt7__cxx1112basic_stringIcSt11char_traitsIcESaIcEE12_M_constructIPcEEvT_S7_St20forward_iterator_tag
                0x0000000008002c78       0x90 ./Cpp/Src/cpp_main.o
                0x0000000008002c78                void std::__cxx11::basic_string<char, std::char_traits<char>, std::allocator<char> >::_M_construct<char*>(char*, char*, std::forward_iterator_tag)
 .text._ZNSt20__copy_move_backwardILb0ELb0ESt26random_access_iterator_tagE13__copy_move_bIPKcPcEET0_T_S7_S6_
                0x0000000008002d08       0x42 ./Cpp/Src/cpp_main.o
                0x0000000008002d08                char* std::__copy_move_backward<false, false, std::random_access_iterator_tag>::__copy_move_b<char const*, char*>(char const*, char const*, char*)
 .text._ZNSt20__copy_move_backwardILb0ELb1ESt26random_access_iterator_tagE13__copy_move_bIcEEPT_PKS3_S6_S4_
                0x0000000008002d4a       0x3c ./Cpp/Src/cpp_main.o
                0x0000000008002d4a                char* std::__copy_move_backward<false, true, std::random_access_iterator_tag>::__copy_move_b<char>(char const*, char const*, char*)
 .text._ZNSt11__copy_moveILb0ELb0ESt26random_access_iterator_tagE8__copy_mIPKcPcEET0_T_S7_S6_
                0x0000000008002d86       0x42 ./Cpp/Src/cpp_main.o
                0x0000000008002d86                char* std::__copy_move<false, false, std::random_access_iterator_tag>::__copy_m<char const*, char*>(char const*, char const*, char*)
 .text._ZNSt11__copy_moveILb0ELb1ESt26random_access_iterator_tagE8__copy_mIcEEPT_PKS3_S6_S4_
                0x0000000008002dc8       0x34 ./Cpp/Src/cpp_main.o
                0x0000000008002dc8                char* std::__copy_move<false, true, std::random_access_iterator_tag>::__copy_m<char>(char const*, char const*, char*)
 .text._ZSt11__addressofIcEPT_RS0_
                0x0000000008002dfc       0x14 ./Cpp/Src/cpp_main.o
                0x0000000008002dfc                char* std::__addressof<char>(char&)
 .text._ZNSt16allocator_traitsISaIcEE8max_sizeERKS0_
                0x0000000008002e10       0x16 ./Cpp/Src/cpp_main.o
                0x0000000008002e10                std::allocator_traits<std::allocator<char> >::max_size(std::allocator<char> const&)
 .text._ZSt9addressofIKcEPT_RS1_
                0x0000000008002e26       0x18 ./Cpp/Src/cpp_main.o
                0x0000000008002e26                char const* std::addressof<char const>(char const&)
 .text._ZNSaISt23_Sp_counted_ptr_inplaceI7DS18B20SaIS0_ELN9__gnu_cxx12_Lock_policyE0EEEC2IS0_EERKSaIT_E
                0x0000000008002e3e       0x1a ./Cpp/Src/cpp_main.o
                0x0000000008002e3e                std::allocator<std::_Sp_counted_ptr_inplace<DS18B20, std::allocator<DS18B20>, (__gnu_cxx::_Lock_policy)0> >::allocator<DS18B20>(std::allocator<DS18B20> const&)
                0x0000000008002e3e                std::allocator<std::_Sp_counted_ptr_inplace<DS18B20, std::allocator<DS18B20>, (__gnu_cxx::_Lock_policy)0> >::allocator<DS18B20>(std::allocator<DS18B20> const&)
 .text._ZNSt14__shared_countILN9__gnu_cxx12_Lock_policyE0EEC2I7DS18B20SaIS4_EJP5TIMEREEERPT_St20_Sp_alloc_shared_tagIT0_EDpOT1_
                0x0000000008002e58       0xb0 ./Cpp/Src/cpp_main.o
                0x0000000008002e58                std::__shared_count<(__gnu_cxx::_Lock_policy)0>::__shared_count<DS18B20, std::allocator<DS18B20>, TIMER*>(DS18B20*&, std::_Sp_alloc_shared_tag<std::allocator<DS18B20> >, TIMER*&&)
                0x0000000008002e58                std::__shared_count<(__gnu_cxx::_Lock_policy)0>::__shared_count<DS18B20, std::allocator<DS18B20>, TIMER*>(DS18B20*&, std::_Sp_alloc_shared_tag<std::allocator<DS18B20> >, TIMER*&&)
 .text._ZNSt12__shared_ptrI7DS18B20LN9__gnu_cxx12_Lock_policyE0EE31_M_enable_shared_from_this_withIS0_S0_EENSt9enable_ifIXntsrNS3_15__has_esft_baseIT0_vEE5valueEvE4typeEPT_
                0x0000000008002f08       0x14 ./Cpp/Src/cpp_main.o
                0x0000000008002f08                std::enable_if<!std::__shared_ptr<DS18B20, (__gnu_cxx::_Lock_policy)0>::__has_esft_base<DS18B20, void>::value, void>::type std::__shared_ptr<DS18B20, (__gnu_cxx::_Lock_policy)0>::_M_enable_shared_from_this_with<DS18B20, DS18B20>(DS18B20*)
 .text._ZNSaISt23_Sp_counted_ptr_inplaceI14AdaptiveFilterSaIS0_ELN9__gnu_cxx12_Lock_policyE0EEEC2IS0_EERKSaIT_E
                0x0000000008002f1c       0x1a ./Cpp/Src/cpp_main.o
                0x0000000008002f1c                std::allocator<std::_Sp_counted_ptr_inplace<AdaptiveFilter, std::allocator<AdaptiveFilter>, (__gnu_cxx::_Lock_policy)0> >::allocator<AdaptiveFilter>(std::allocator<AdaptiveFilter> const&)
                0x0000000008002f1c                std::allocator<std::_Sp_counted_ptr_inplace<AdaptiveFilter, std::allocator<AdaptiveFilter>, (__gnu_cxx::_Lock_policy)0> >::allocator<AdaptiveFilter>(std::allocator<AdaptiveFilter> const&)
 .text._ZNSt14__shared_countILN9__gnu_cxx12_Lock_policyE0EEC2I14AdaptiveFilterSaIS4_EJEEERPT_St20_Sp_alloc_shared_tagIT0_EDpOT1_
                0x0000000008002f36       0xa4 ./Cpp/Src/cpp_main.o
                0x0000000008002f36                std::__shared_count<(__gnu_cxx::_Lock_policy)0>::__shared_count<AdaptiveFilter, std::allocator<AdaptiveFilter>>(AdaptiveFilter*&, std::_Sp_alloc_shared_tag<std::allocator<AdaptiveFilter> >)
                0x0000000008002f36                std::__shared_count<(__gnu_cxx::_Lock_policy)0>::__shared_count<AdaptiveFilter, std::allocator<AdaptiveFilter>>(AdaptiveFilter*&, std::_Sp_alloc_shared_tag<std::allocator<AdaptiveFilter> >)
 .text._ZNSt12__shared_ptrI14AdaptiveFilterLN9__gnu_cxx12_Lock_policyE0EE31_M_enable_shared_from_this_withIS0_S0_EENSt9enable_ifIXntsrNS3_15__has_esft_baseIT0_vEE5valueEvE4typeEPT_
                0x0000000008002fda       0x14 ./Cpp/Src/cpp_main.o
                0x0000000008002fda                std::enable_if<!std::__shared_ptr<AdaptiveFilter, (__gnu_cxx::_Lock_policy)0>::__has_esft_base<AdaptiveFilter, void>::value, void>::type std::__shared_ptr<AdaptiveFilter, (__gnu_cxx::_Lock_policy)0>::_M_enable_shared_from_this_with<AdaptiveFilter, AdaptiveFilter>(AdaptiveFilter*)
 .text._ZNSaISt23_Sp_counted_ptr_inplaceI11RelayOutputSaIS0_ELN9__gnu_cxx12_Lock_policyE0EEEC2IS0_EERKSaIT_E
                0x0000000008002fee       0x1a ./Cpp/Src/cpp_main.o
                0x0000000008002fee                std::allocator<std::_Sp_counted_ptr_inplace<RelayOutput, std::allocator<RelayOutput>, (__gnu_cxx::_Lock_policy)0> >::allocator<RelayOutput>(std::allocator<RelayOutput> const&)
                0x0000000008002fee                std::allocator<std::_Sp_counted_ptr_inplace<RelayOutput, std::allocator<RelayOutput>, (__gnu_cxx::_Lock_policy)0> >::allocator<RelayOutput>(std::allocator<RelayOutput> const&)
 .text._ZNSt14__shared_countILN9__gnu_cxx12_Lock_policyE0EEC2I11RelayOutputSaIS4_EJEEERPT_St20_Sp_alloc_shared_tagIT0_EDpOT1_
                0x0000000008003008       0xa4 ./Cpp/Src/cpp_main.o
                0x0000000008003008                std::__shared_count<(__gnu_cxx::_Lock_policy)0>::__shared_count<RelayOutput, std::allocator<RelayOutput>>(RelayOutput*&, std::_Sp_alloc_shared_tag<std::allocator<RelayOutput> >)
                0x0000000008003008                std::__shared_count<(__gnu_cxx::_Lock_policy)0>::__shared_count<RelayOutput, std::allocator<RelayOutput>>(RelayOutput*&, std::_Sp_alloc_shared_tag<std::allocator<RelayOutput> >)
 .text._ZNSt12__shared_ptrI11RelayOutputLN9__gnu_cxx12_Lock_policyE0EE31_M_enable_shared_from_this_withIS0_S0_EENSt9enable_ifIXntsrNS3_15__has_esft_baseIT0_vEE5valueEvE4typeEPT_
                0x00000000080030ac       0x14 ./Cpp/Src/cpp_main.o
                0x00000000080030ac                std::enable_if<!std::__shared_ptr<RelayOutput, (__gnu_cxx::_Lock_policy)0>::__has_esft_base<RelayOutput, void>::value, void>::type std::__shared_ptr<RelayOutput, (__gnu_cxx::_Lock_policy)0>::_M_enable_shared_from_this_with<RelayOutput, RelayOutput>(RelayOutput*)
 .text._ZN9__gnu_cxx17__is_null_pointerIcEEbPT_
                0x00000000080030c0       0x1e ./Cpp/Src/cpp_main.o
                0x00000000080030c0                bool __gnu_cxx::__is_null_pointer<char>(char*)
 .text._ZSt10__distanceIPcENSt15iterator_traitsIT_E15difference_typeES2_S2_St26random_access_iterator_tag
                0x00000000080030de       0x1c ./Cpp/Src/cpp_main.o
                0x00000000080030de                std::iterator_traits<char*>::difference_type std::__distance<char*>(char*, char*, std::random_access_iterator_tag)
 .text._ZNSt7__cxx1112basic_stringIcSt11char_traitsIcESaIcEE13_S_copy_charsEPcS5_S5_
                0x00000000080030fa       0x24 ./Cpp/Src/cpp_main.o
                0x00000000080030fa                std::__cxx11::basic_string<char, std::char_traits<char>, std::allocator<char> >::_S_copy_chars(char*, char*, char*)
 .text._ZN9__gnu_cxx13new_allocatorIcE8allocateEjPKv
                0x000000000800311e       0x3a ./Cpp/Src/cpp_main.o
                0x000000000800311e                __gnu_cxx::new_allocator<char>::allocate(unsigned int, void const*)
 .text._ZN9__gnu_cxx13new_allocatorIcE10deallocateEPcj
                0x0000000008003158       0x1a ./Cpp/Src/cpp_main.o
                0x0000000008003158                __gnu_cxx::new_allocator<char>::deallocate(char*, unsigned int)
 .text._ZSt11__addressofIKcEPT_RS1_
                0x0000000008003172       0x14 ./Cpp/Src/cpp_main.o
                0x0000000008003172                char const* std::__addressof<char const>(char const&)
 .text._ZN9__gnu_cxx13new_allocatorISt23_Sp_counted_ptr_inplaceI7DS18B20SaIS2_ELNS_12_Lock_policyE0EEEC2Ev
                0x0000000008003186       0x14 ./Cpp/Src/cpp_main.o
                0x0000000008003186                __gnu_cxx::new_allocator<std::_Sp_counted_ptr_inplace<DS18B20, std::allocator<DS18B20>, (__gnu_cxx::_Lock_policy)0> >::new_allocator()
                0x0000000008003186                __gnu_cxx::new_allocator<std::_Sp_counted_ptr_inplace<DS18B20, std::allocator<DS18B20>, (__gnu_cxx::_Lock_policy)0> >::new_allocator()
 .text._ZNSaISt23_Sp_counted_ptr_inplaceI7DS18B20SaIS0_ELN9__gnu_cxx12_Lock_policyE0EEED2Ev
                0x000000000800319a       0x14 ./Cpp/Src/cpp_main.o
                0x000000000800319a                std::allocator<std::_Sp_counted_ptr_inplace<DS18B20, std::allocator<DS18B20>, (__gnu_cxx::_Lock_policy)0> >::~allocator()
                0x000000000800319a                std::allocator<std::_Sp_counted_ptr_inplace<DS18B20, std::allocator<DS18B20>, (__gnu_cxx::_Lock_policy)0> >::~allocator()
 .text._ZSt18__allocate_guardedISaISt23_Sp_counted_ptr_inplaceI7DS18B20SaIS1_ELN9__gnu_cxx12_Lock_policyE0EEEESt15__allocated_ptrIT_ERS8_
                0x00000000080031ae       0x26 ./Cpp/Src/cpp_main.o
                0x00000000080031ae                std::__allocated_ptr<std::allocator<std::_Sp_counted_ptr_inplace<DS18B20, std::allocator<DS18B20>, (__gnu_cxx::_Lock_policy)0> > > std::__allocate_guarded<std::allocator<std::_Sp_counted_ptr_inplace<DS18B20, std::allocator<DS18B20>, (__gnu_cxx::_Lock_policy)0> > >(std::allocator<std::_Sp_counted_ptr_inplace<DS18B20, std::allocator<DS18B20>, (__gnu_cxx::_Lock_policy)0> >&)
 .text._ZNSt15__allocated_ptrISaISt23_Sp_counted_ptr_inplaceI7DS18B20SaIS1_ELN9__gnu_cxx12_Lock_policyE0EEEED2Ev
                0x00000000080031d4       0x2a ./Cpp/Src/cpp_main.o
                0x00000000080031d4                std::__allocated_ptr<std::allocator<std::_Sp_counted_ptr_inplace<DS18B20, std::allocator<DS18B20>, (__gnu_cxx::_Lock_policy)0> > >::~__allocated_ptr()
                0x00000000080031d4                std::__allocated_ptr<std::allocator<std::_Sp_counted_ptr_inplace<DS18B20, std::allocator<DS18B20>, (__gnu_cxx::_Lock_policy)0> > >::~__allocated_ptr()
 .text._ZNSt15__allocated_ptrISaISt23_Sp_counted_ptr_inplaceI7DS18B20SaIS1_ELN9__gnu_cxx12_Lock_policyE0EEEE3getEv
                0x00000000080031fe       0x1c ./Cpp/Src/cpp_main.o
                0x00000000080031fe                std::__allocated_ptr<std::allocator<std::_Sp_counted_ptr_inplace<DS18B20, std::allocator<DS18B20>, (__gnu_cxx::_Lock_policy)0> > >::get()
 .text._ZNSaI7DS18B20EC2ERKS0_
                0x000000000800321a       0x1c ./Cpp/Src/cpp_main.o
                0x000000000800321a                std::allocator<DS18B20>::allocator(std::allocator<DS18B20> const&)
                0x000000000800321a                std::allocator<DS18B20>::allocator(std::allocator<DS18B20> const&)
 .text._ZNSt14_Sp_ebo_helperILi0ESaI7DS18B20ELb1EED2Ev
                0x0000000008003236       0x18 ./Cpp/Src/cpp_main.o
                0x0000000008003236                std::_Sp_ebo_helper<0, std::allocator<DS18B20>, true>::~_Sp_ebo_helper()
                0x0000000008003236                std::_Sp_ebo_helper<0, std::allocator<DS18B20>, true>::~_Sp_ebo_helper()
 .text._ZNSt23_Sp_counted_ptr_inplaceI7DS18B20SaIS0_ELN9__gnu_cxx12_Lock_policyE0EE5_ImplD2Ev
                0x000000000800324e       0x18 ./Cpp/Src/cpp_main.o
                0x000000000800324e                std::_Sp_counted_ptr_inplace<DS18B20, std::allocator<DS18B20>, (__gnu_cxx::_Lock_policy)0>::_Impl::~_Impl()
                0x000000000800324e                std::_Sp_counted_ptr_inplace<DS18B20, std::allocator<DS18B20>, (__gnu_cxx::_Lock_policy)0>::_Impl::~_Impl()
 *fill*         0x0000000008003266        0x2 
 .text._ZNSt23_Sp_counted_ptr_inplaceI7DS18B20SaIS0_ELN9__gnu_cxx12_Lock_policyE0EEC2IJP5TIMEREEES1_DpOT_
                0x0000000008003268       0x6c ./Cpp/Src/cpp_main.o
                0x0000000008003268                std::_Sp_counted_ptr_inplace<DS18B20, std::allocator<DS18B20>, (__gnu_cxx::_Lock_policy)0>::_Sp_counted_ptr_inplace<TIMER*>(std::allocator<DS18B20>, TIMER*&&)
                0x0000000008003268                std::_Sp_counted_ptr_inplace<DS18B20, std::allocator<DS18B20>, (__gnu_cxx::_Lock_policy)0>::_Sp_counted_ptr_inplace<TIMER*>(std::allocator<DS18B20>, TIMER*&&)
 .text._ZNSt15__allocated_ptrISaISt23_Sp_counted_ptr_inplaceI7DS18B20SaIS1_ELN9__gnu_cxx12_Lock_policyE0EEEEaSEDn
                0x00000000080032d4       0x1c ./Cpp/Src/cpp_main.o
                0x00000000080032d4                std::__allocated_ptr<std::allocator<std::_Sp_counted_ptr_inplace<DS18B20, std::allocator<DS18B20>, (__gnu_cxx::_Lock_policy)0> > >::operator=(decltype(nullptr))
 .text._ZNSt23_Sp_counted_ptr_inplaceI7DS18B20SaIS0_ELN9__gnu_cxx12_Lock_policyE0EE6_M_ptrEv
                0x00000000080032f0       0x1c ./Cpp/Src/cpp_main.o
                0x00000000080032f0                std::_Sp_counted_ptr_inplace<DS18B20, std::allocator<DS18B20>, (__gnu_cxx::_Lock_policy)0>::_M_ptr()
 .text._ZN9__gnu_cxx13new_allocatorISt23_Sp_counted_ptr_inplaceI14AdaptiveFilterSaIS2_ELNS_12_Lock_policyE0EEEC2Ev
                0x000000000800330c       0x14 ./Cpp/Src/cpp_main.o
                0x000000000800330c                __gnu_cxx::new_allocator<std::_Sp_counted_ptr_inplace<AdaptiveFilter, std::allocator<AdaptiveFilter>, (__gnu_cxx::_Lock_policy)0> >::new_allocator()
                0x000000000800330c                __gnu_cxx::new_allocator<std::_Sp_counted_ptr_inplace<AdaptiveFilter, std::allocator<AdaptiveFilter>, (__gnu_cxx::_Lock_policy)0> >::new_allocator()
 .text._ZNSaISt23_Sp_counted_ptr_inplaceI14AdaptiveFilterSaIS0_ELN9__gnu_cxx12_Lock_policyE0EEED2Ev
                0x0000000008003320       0x14 ./Cpp/Src/cpp_main.o
                0x0000000008003320                std::allocator<std::_Sp_counted_ptr_inplace<AdaptiveFilter, std::allocator<AdaptiveFilter>, (__gnu_cxx::_Lock_policy)0> >::~allocator()
                0x0000000008003320                std::allocator<std::_Sp_counted_ptr_inplace<AdaptiveFilter, std::allocator<AdaptiveFilter>, (__gnu_cxx::_Lock_policy)0> >::~allocator()
 .text._ZSt18__allocate_guardedISaISt23_Sp_counted_ptr_inplaceI14AdaptiveFilterSaIS1_ELN9__gnu_cxx12_Lock_policyE0EEEESt15__allocated_ptrIT_ERS8_
                0x0000000008003334       0x26 ./Cpp/Src/cpp_main.o
                0x0000000008003334                std::__allocated_ptr<std::allocator<std::_Sp_counted_ptr_inplace<AdaptiveFilter, std::allocator<AdaptiveFilter>, (__gnu_cxx::_Lock_policy)0> > > std::__allocate_guarded<std::allocator<std::_Sp_counted_ptr_inplace<AdaptiveFilter, std::allocator<AdaptiveFilter>, (__gnu_cxx::_Lock_policy)0> > >(std::allocator<std::_Sp_counted_ptr_inplace<AdaptiveFilter, std::allocator<AdaptiveFilter>, (__gnu_cxx::_Lock_policy)0> >&)
 .text._ZNSt15__allocated_ptrISaISt23_Sp_counted_ptr_inplaceI14AdaptiveFilterSaIS1_ELN9__gnu_cxx12_Lock_policyE0EEEED2Ev
                0x000000000800335a       0x2a ./Cpp/Src/cpp_main.o
                0x000000000800335a                std::__allocated_ptr<std::allocator<std::_Sp_counted_ptr_inplace<AdaptiveFilter, std::allocator<AdaptiveFilter>, (__gnu_cxx::_Lock_policy)0> > >::~__allocated_ptr()
                0x000000000800335a                std::__allocated_ptr<std::allocator<std::_Sp_counted_ptr_inplace<AdaptiveFilter, std::allocator<AdaptiveFilter>, (__gnu_cxx::_Lock_policy)0> > >::~__allocated_ptr()
 .text._ZNSt15__allocated_ptrISaISt23_Sp_counted_ptr_inplaceI14AdaptiveFilterSaIS1_ELN9__gnu_cxx12_Lock_policyE0EEEE3getEv
                0x0000000008003384       0x1c ./Cpp/Src/cpp_main.o
                0x0000000008003384                std::__allocated_ptr<std::allocator<std::_Sp_counted_ptr_inplace<AdaptiveFilter, std::allocator<AdaptiveFilter>, (__gnu_cxx::_Lock_policy)0> > >::get()
 .text._ZNSaI14AdaptiveFilterEC2ERKS0_
                0x00000000080033a0       0x1c ./Cpp/Src/cpp_main.o
                0x00000000080033a0                std::allocator<AdaptiveFilter>::allocator(std::allocator<AdaptiveFilter> const&)
                0x00000000080033a0                std::allocator<AdaptiveFilter>::allocator(std::allocator<AdaptiveFilter> const&)
 .text._ZNSt14_Sp_ebo_helperILi0ESaI14AdaptiveFilterELb1EED2Ev
                0x00000000080033bc       0x18 ./Cpp/Src/cpp_main.o
                0x00000000080033bc                std::_Sp_ebo_helper<0, std::allocator<AdaptiveFilter>, true>::~_Sp_ebo_helper()
                0x00000000080033bc                std::_Sp_ebo_helper<0, std::allocator<AdaptiveFilter>, true>::~_Sp_ebo_helper()
 .text._ZNSt23_Sp_counted_ptr_inplaceI14AdaptiveFilterSaIS0_ELN9__gnu_cxx12_Lock_policyE0EE5_ImplD2Ev
                0x00000000080033d4       0x18 ./Cpp/Src/cpp_main.o
                0x00000000080033d4                std::_Sp_counted_ptr_inplace<AdaptiveFilter, std::allocator<AdaptiveFilter>, (__gnu_cxx::_Lock_policy)0>::_Impl::~_Impl()
                0x00000000080033d4                std::_Sp_counted_ptr_inplace<AdaptiveFilter, std::allocator<AdaptiveFilter>, (__gnu_cxx::_Lock_policy)0>::_Impl::~_Impl()
 .text._ZNSt23_Sp_counted_ptr_inplaceI14AdaptiveFilterSaIS0_ELN9__gnu_cxx12_Lock_policyE0EEC2IJEEES1_DpOT_
                0x00000000080033ec       0x60 ./Cpp/Src/cpp_main.o
                0x00000000080033ec                std::_Sp_counted_ptr_inplace<AdaptiveFilter, std::allocator<AdaptiveFilter>, (__gnu_cxx::_Lock_policy)0>::_Sp_counted_ptr_inplace<>(std::allocator<AdaptiveFilter>)
                0x00000000080033ec                std::_Sp_counted_ptr_inplace<AdaptiveFilter, std::allocator<AdaptiveFilter>, (__gnu_cxx::_Lock_policy)0>::_Sp_counted_ptr_inplace<>(std::allocator<AdaptiveFilter>)
 .text._ZNSt15__allocated_ptrISaISt23_Sp_counted_ptr_inplaceI14AdaptiveFilterSaIS1_ELN9__gnu_cxx12_Lock_policyE0EEEEaSEDn
                0x000000000800344c       0x1c ./Cpp/Src/cpp_main.o
                0x000000000800344c                std::__allocated_ptr<std::allocator<std::_Sp_counted_ptr_inplace<AdaptiveFilter, std::allocator<AdaptiveFilter>, (__gnu_cxx::_Lock_policy)0> > >::operator=(decltype(nullptr))
 .text._ZNSt23_Sp_counted_ptr_inplaceI14AdaptiveFilterSaIS0_ELN9__gnu_cxx12_Lock_policyE0EE6_M_ptrEv
                0x0000000008003468       0x1c ./Cpp/Src/cpp_main.o
                0x0000000008003468                std::_Sp_counted_ptr_inplace<AdaptiveFilter, std::allocator<AdaptiveFilter>, (__gnu_cxx::_Lock_policy)0>::_M_ptr()
 .text._ZN9__gnu_cxx13new_allocatorISt23_Sp_counted_ptr_inplaceI11RelayOutputSaIS2_ELNS_12_Lock_policyE0EEEC2Ev
                0x0000000008003484       0x14 ./Cpp/Src/cpp_main.o
                0x0000000008003484                __gnu_cxx::new_allocator<std::_Sp_counted_ptr_inplace<RelayOutput, std::allocator<RelayOutput>, (__gnu_cxx::_Lock_policy)0> >::new_allocator()
                0x0000000008003484                __gnu_cxx::new_allocator<std::_Sp_counted_ptr_inplace<RelayOutput, std::allocator<RelayOutput>, (__gnu_cxx::_Lock_policy)0> >::new_allocator()
 .text._ZNSaISt23_Sp_counted_ptr_inplaceI11RelayOutputSaIS0_ELN9__gnu_cxx12_Lock_policyE0EEED2Ev
                0x0000000008003498       0x14 ./Cpp/Src/cpp_main.o
                0x0000000008003498                std::allocator<std::_Sp_counted_ptr_inplace<RelayOutput, std::allocator<RelayOutput>, (__gnu_cxx::_Lock_policy)0> >::~allocator()
                0x0000000008003498                std::allocator<std::_Sp_counted_ptr_inplace<RelayOutput, std::allocator<RelayOutput>, (__gnu_cxx::_Lock_policy)0> >::~allocator()
 .text._ZSt18__allocate_guardedISaISt23_Sp_counted_ptr_inplaceI11RelayOutputSaIS1_ELN9__gnu_cxx12_Lock_policyE0EEEESt15__allocated_ptrIT_ERS8_
                0x00000000080034ac       0x26 ./Cpp/Src/cpp_main.o
                0x00000000080034ac                std::__allocated_ptr<std::allocator<std::_Sp_counted_ptr_inplace<RelayOutput, std::allocator<RelayOutput>, (__gnu_cxx::_Lock_policy)0> > > std::__allocate_guarded<std::allocator<std::_Sp_counted_ptr_inplace<RelayOutput, std::allocator<RelayOutput>, (__gnu_cxx::_Lock_policy)0> > >(std::allocator<std::_Sp_counted_ptr_inplace<RelayOutput, std::allocator<RelayOutput>, (__gnu_cxx::_Lock_policy)0> >&)
 .text._ZNSt15__allocated_ptrISaISt23_Sp_counted_ptr_inplaceI11RelayOutputSaIS1_ELN9__gnu_cxx12_Lock_policyE0EEEED2Ev
                0x00000000080034d2       0x2a ./Cpp/Src/cpp_main.o
                0x00000000080034d2                std::__allocated_ptr<std::allocator<std::_Sp_counted_ptr_inplace<RelayOutput, std::allocator<RelayOutput>, (__gnu_cxx::_Lock_policy)0> > >::~__allocated_ptr()
                0x00000000080034d2                std::__allocated_ptr<std::allocator<std::_Sp_counted_ptr_inplace<RelayOutput, std::allocator<RelayOutput>, (__gnu_cxx::_Lock_policy)0> > >::~__allocated_ptr()
 .text._ZNSt15__allocated_ptrISaISt23_Sp_counted_ptr_inplaceI11RelayOutputSaIS1_ELN9__gnu_cxx12_Lock_policyE0EEEE3getEv
                0x00000000080034fc       0x1c ./Cpp/Src/cpp_main.o
                0x00000000080034fc                std::__allocated_ptr<std::allocator<std::_Sp_counted_ptr_inplace<RelayOutput, std::allocator<RelayOutput>, (__gnu_cxx::_Lock_policy)0> > >::get()
 .text._ZNSaI11RelayOutputEC2ERKS0_
                0x0000000008003518       0x1c ./Cpp/Src/cpp_main.o
                0x0000000008003518                std::allocator<RelayOutput>::allocator(std::allocator<RelayOutput> const&)
                0x0000000008003518                std::allocator<RelayOutput>::allocator(std::allocator<RelayOutput> const&)
 .text._ZNSt14_Sp_ebo_helperILi0ESaI11RelayOutputELb1EED2Ev
                0x0000000008003534       0x18 ./Cpp/Src/cpp_main.o
                0x0000000008003534                std::_Sp_ebo_helper<0, std::allocator<RelayOutput>, true>::~_Sp_ebo_helper()
                0x0000000008003534                std::_Sp_ebo_helper<0, std::allocator<RelayOutput>, true>::~_Sp_ebo_helper()
 .text._ZNSt23_Sp_counted_ptr_inplaceI11RelayOutputSaIS0_ELN9__gnu_cxx12_Lock_policyE0EE5_ImplD2Ev
                0x000000000800354c       0x18 ./Cpp/Src/cpp_main.o
                0x000000000800354c                std::_Sp_counted_ptr_inplace<RelayOutput, std::allocator<RelayOutput>, (__gnu_cxx::_Lock_policy)0>::_Impl::~_Impl()
                0x000000000800354c                std::_Sp_counted_ptr_inplace<RelayOutput, std::allocator<RelayOutput>, (__gnu_cxx::_Lock_policy)0>::_Impl::~_Impl()
 .text._ZNSt23_Sp_counted_ptr_inplaceI11RelayOutputSaIS0_ELN9__gnu_cxx12_Lock_policyE0EEC2IJEEES1_DpOT_
                0x0000000008003564       0x60 ./Cpp/Src/cpp_main.o
                0x0000000008003564                std::_Sp_counted_ptr_inplace<RelayOutput, std::allocator<RelayOutput>, (__gnu_cxx::_Lock_policy)0>::_Sp_counted_ptr_inplace<>(std::allocator<RelayOutput>)
                0x0000000008003564                std::_Sp_counted_ptr_inplace<RelayOutput, std::allocator<RelayOutput>, (__gnu_cxx::_Lock_policy)0>::_Sp_counted_ptr_inplace<>(std::allocator<RelayOutput>)
 .text._ZNSt15__allocated_ptrISaISt23_Sp_counted_ptr_inplaceI11RelayOutputSaIS1_ELN9__gnu_cxx12_Lock_policyE0EEEEaSEDn
                0x00000000080035c4       0x1c ./Cpp/Src/cpp_main.o
                0x00000000080035c4                std::__allocated_ptr<std::allocator<std::_Sp_counted_ptr_inplace<RelayOutput, std::allocator<RelayOutput>, (__gnu_cxx::_Lock_policy)0> > >::operator=(decltype(nullptr))
 .text._ZNSt23_Sp_counted_ptr_inplaceI11RelayOutputSaIS0_ELN9__gnu_cxx12_Lock_policyE0EE6_M_ptrEv
                0x00000000080035e0       0x1c ./Cpp/Src/cpp_main.o
                0x00000000080035e0                std::_Sp_counted_ptr_inplace<RelayOutput, std::allocator<RelayOutput>, (__gnu_cxx::_Lock_policy)0>::_M_ptr()
 .text._ZNK9__gnu_cxx13new_allocatorIcE11_M_max_sizeEv
                0x00000000080035fc       0x16 ./Cpp/Src/cpp_main.o
                0x00000000080035fc                __gnu_cxx::new_allocator<char>::_M_max_size() const
 .text._ZNSt16allocator_traitsISaISt23_Sp_counted_ptr_inplaceI7DS18B20SaIS1_ELN9__gnu_cxx12_Lock_policyE0EEEE8allocateERS6_j
                0x0000000008003612       0x40 ./Cpp/Src/cpp_main.o
                0x0000000008003612                std::allocator_traits<std::allocator<std::_Sp_counted_ptr_inplace<DS18B20, std::allocator<DS18B20>, (__gnu_cxx::_Lock_policy)0> > >::allocate(std::allocator<std::_Sp_counted_ptr_inplace<DS18B20, std::allocator<DS18B20>, (__gnu_cxx::_Lock_policy)0> >&, unsigned int)
 .text._ZNSt15__allocated_ptrISaISt23_Sp_counted_ptr_inplaceI7DS18B20SaIS1_ELN9__gnu_cxx12_Lock_policyE0EEEEC2ERS6_PS5_
                0x0000000008003652       0x28 ./Cpp/Src/cpp_main.o
                0x0000000008003652                std::__allocated_ptr<std::allocator<std::_Sp_counted_ptr_inplace<DS18B20, std::allocator<DS18B20>, (__gnu_cxx::_Lock_policy)0> > >::__allocated_ptr(std::allocator<std::_Sp_counted_ptr_inplace<DS18B20, std::allocator<DS18B20>, (__gnu_cxx::_Lock_policy)0> >&, std::_Sp_counted_ptr_inplace<DS18B20, std::allocator<DS18B20>, (__gnu_cxx::_Lock_policy)0>*)
                0x0000000008003652                std::__allocated_ptr<std::allocator<std::_Sp_counted_ptr_inplace<DS18B20, std::allocator<DS18B20>, (__gnu_cxx::_Lock_policy)0> > >::__allocated_ptr(std::allocator<std::_Sp_counted_ptr_inplace<DS18B20, std::allocator<DS18B20>, (__gnu_cxx::_Lock_policy)0> >&, std::_Sp_counted_ptr_inplace<DS18B20, std::allocator<DS18B20>, (__gnu_cxx::_Lock_policy)0>*)
 .text._ZNSt16allocator_traitsISaISt23_Sp_counted_ptr_inplaceI7DS18B20SaIS1_ELN9__gnu_cxx12_Lock_policyE0EEEE10deallocateERS6_PS5_j
                0x000000000800367a       0x3e ./Cpp/Src/cpp_main.o
                0x000000000800367a                std::allocator_traits<std::allocator<std::_Sp_counted_ptr_inplace<DS18B20, std::allocator<DS18B20>, (__gnu_cxx::_Lock_policy)0> > >::deallocate(std::allocator<std::_Sp_counted_ptr_inplace<DS18B20, std::allocator<DS18B20>, (__gnu_cxx::_Lock_policy)0> >&, std::_Sp_counted_ptr_inplace<DS18B20, std::allocator<DS18B20>, (__gnu_cxx::_Lock_policy)0>*, unsigned int)
 .text._ZSt12__to_addressISt23_Sp_counted_ptr_inplaceI7DS18B20SaIS1_ELN9__gnu_cxx12_Lock_policyE0EEEPT_S7_
                0x00000000080036b8       0x14 ./Cpp/Src/cpp_main.o
                0x00000000080036b8                std::_Sp_counted_ptr_inplace<DS18B20, std::allocator<DS18B20>, (__gnu_cxx::_Lock_policy)0>* std::__to_address<std::_Sp_counted_ptr_inplace<DS18B20, std::allocator<DS18B20>, (__gnu_cxx::_Lock_policy)0> >(std::_Sp_counted_ptr_inplace<DS18B20, std::allocator<DS18B20>, (__gnu_cxx::_Lock_policy)0>*)
 .text._ZN9__gnu_cxx13new_allocatorI7DS18B20EC2ERKS2_
                0x00000000080036cc       0x16 ./Cpp/Src/cpp_main.o
                0x00000000080036cc                __gnu_cxx::new_allocator<DS18B20>::new_allocator(__gnu_cxx::new_allocator<DS18B20> const&)
                0x00000000080036cc                __gnu_cxx::new_allocator<DS18B20>::new_allocator(__gnu_cxx::new_allocator<DS18B20> const&)
 *fill*         0x00000000080036e2        0x2 
 .text._ZNSt16_Sp_counted_baseILN9__gnu_cxx12_Lock_policyE0EEC2Ev
                0x00000000080036e4       0x2c ./Cpp/Src/cpp_main.o
                0x00000000080036e4                std::_Sp_counted_base<(__gnu_cxx::_Lock_policy)0>::_Sp_counted_base()
                0x00000000080036e4                std::_Sp_counted_base<(__gnu_cxx::_Lock_policy)0>::_Sp_counted_base()
 .text._ZNSt23_Sp_counted_ptr_inplaceI7DS18B20SaIS0_ELN9__gnu_cxx12_Lock_policyE0EE5_ImplC2ES1_
                0x0000000008003710       0x1c ./Cpp/Src/cpp_main.o
                0x0000000008003710                std::_Sp_counted_ptr_inplace<DS18B20, std::allocator<DS18B20>, (__gnu_cxx::_Lock_policy)0>::_Impl::_Impl(std::allocator<DS18B20>)
                0x0000000008003710                std::_Sp_counted_ptr_inplace<DS18B20, std::allocator<DS18B20>, (__gnu_cxx::_Lock_policy)0>::_Impl::_Impl(std::allocator<DS18B20>)
 .text._ZSt12construct_atI7DS18B20JP5TIMEREEDTgsnwcvPvLi0E_T_pispcl7declvalIT0_EEEEPS4_DpOS5_
                0x000000000800372c       0x32 ./Cpp/Src/cpp_main.o
                0x000000000800372c                decltype (::new ((void*)(0)) DS18B20((declval<TIMER*>)())) std::construct_at<DS18B20, TIMER*>(DS18B20*, TIMER*&&)
 .text._ZNSt16allocator_traitsISaI7DS18B20EE9constructIS0_JP5TIMEREEEvRS1_PT_DpOT0_
                0x000000000800375e       0x24 ./Cpp/Src/cpp_main.o
                0x000000000800375e                void std::allocator_traits<std::allocator<DS18B20> >::construct<DS18B20, TIMER*>(std::allocator<DS18B20>&, DS18B20*, TIMER*&&)
 .text._ZN9__gnu_cxx16__aligned_bufferI7DS18B20E6_M_ptrEv
                0x0000000008003782       0x18 ./Cpp/Src/cpp_main.o
                0x0000000008003782                __gnu_cxx::__aligned_buffer<DS18B20>::_M_ptr()
 .text._ZNSt16allocator_traitsISaISt23_Sp_counted_ptr_inplaceI14AdaptiveFilterSaIS1_ELN9__gnu_cxx12_Lock_policyE0EEEE8allocateERS6_j
                0x000000000800379a       0x46 ./Cpp/Src/cpp_main.o
                0x000000000800379a                std::allocator_traits<std::allocator<std::_Sp_counted_ptr_inplace<AdaptiveFilter, std::allocator<AdaptiveFilter>, (__gnu_cxx::_Lock_policy)0> > >::allocate(std::allocator<std::_Sp_counted_ptr_inplace<AdaptiveFilter, std::allocator<AdaptiveFilter>, (__gnu_cxx::_Lock_policy)0> >&, unsigned int)
 .text._ZNSt15__allocated_ptrISaISt23_Sp_counted_ptr_inplaceI14AdaptiveFilterSaIS1_ELN9__gnu_cxx12_Lock_policyE0EEEEC2ERS6_PS5_
                0x00000000080037e0       0x28 ./Cpp/Src/cpp_main.o
                0x00000000080037e0                std::__allocated_ptr<std::allocator<std::_Sp_counted_ptr_inplace<AdaptiveFilter, std::allocator<AdaptiveFilter>, (__gnu_cxx::_Lock_policy)0> > >::__allocated_ptr(std::allocator<std::_Sp_counted_ptr_inplace<AdaptiveFilter, std::allocator<AdaptiveFilter>, (__gnu_cxx::_Lock_policy)0> >&, std::_Sp_counted_ptr_inplace<AdaptiveFilter, std::allocator<AdaptiveFilter>, (__gnu_cxx::_Lock_policy)0>*)
                0x00000000080037e0                std::__allocated_ptr<std::allocator<std::_Sp_counted_ptr_inplace<AdaptiveFilter, std::allocator<AdaptiveFilter>, (__gnu_cxx::_Lock_policy)0> > >::__allocated_ptr(std::allocator<std::_Sp_counted_ptr_inplace<AdaptiveFilter, std::allocator<AdaptiveFilter>, (__gnu_cxx::_Lock_policy)0> >&, std::_Sp_counted_ptr_inplace<AdaptiveFilter, std::allocator<AdaptiveFilter>, (__gnu_cxx::_Lock_policy)0>*)
 .text._ZNSt16allocator_traitsISaISt23_Sp_counted_ptr_inplaceI14AdaptiveFilterSaIS1_ELN9__gnu_cxx12_Lock_policyE0EEEE10deallocateERS6_PS5_j
                0x0000000008003808       0x3e ./Cpp/Src/cpp_main.o
                0x0000000008003808                std::allocator_traits<std::allocator<std::_Sp_counted_ptr_inplace<AdaptiveFilter, std::allocator<AdaptiveFilter>, (__gnu_cxx::_Lock_policy)0> > >::deallocate(std::allocator<std::_Sp_counted_ptr_inplace<AdaptiveFilter, std::allocator<AdaptiveFilter>, (__gnu_cxx::_Lock_policy)0> >&, std::_Sp_counted_ptr_inplace<AdaptiveFilter, std::allocator<AdaptiveFilter>, (__gnu_cxx::_Lock_policy)0>*, unsigned int)
 .text._ZSt12__to_addressISt23_Sp_counted_ptr_inplaceI14AdaptiveFilterSaIS1_ELN9__gnu_cxx12_Lock_policyE0EEEPT_S7_
                0x0000000008003846       0x14 ./Cpp/Src/cpp_main.o
                0x0000000008003846                std::_Sp_counted_ptr_inplace<AdaptiveFilter, std::allocator<AdaptiveFilter>, (__gnu_cxx::_Lock_policy)0>* std::__to_address<std::_Sp_counted_ptr_inplace<AdaptiveFilter, std::allocator<AdaptiveFilter>, (__gnu_cxx::_Lock_policy)0> >(std::_Sp_counted_ptr_inplace<AdaptiveFilter, std::allocator<AdaptiveFilter>, (__gnu_cxx::_Lock_policy)0>*)
 .text._ZN9__gnu_cxx13new_allocatorI14AdaptiveFilterEC2ERKS2_
                0x000000000800385a       0x16 ./Cpp/Src/cpp_main.o
                0x000000000800385a                __gnu_cxx::new_allocator<AdaptiveFilter>::new_allocator(__gnu_cxx::new_allocator<AdaptiveFilter> const&)
                0x000000000800385a                __gnu_cxx::new_allocator<AdaptiveFilter>::new_allocator(__gnu_cxx::new_allocator<AdaptiveFilter> const&)
 .text._ZNSt23_Sp_counted_ptr_inplaceI14AdaptiveFilterSaIS0_ELN9__gnu_cxx12_Lock_policyE0EE5_ImplC2ES1_
                0x0000000008003870       0x1c ./Cpp/Src/cpp_main.o
                0x0000000008003870                std::_Sp_counted_ptr_inplace<AdaptiveFilter, std::allocator<AdaptiveFilter>, (__gnu_cxx::_Lock_policy)0>::_Impl::_Impl(std::allocator<AdaptiveFilter>)
                0x0000000008003870                std::_Sp_counted_ptr_inplace<AdaptiveFilter, std::allocator<AdaptiveFilter>, (__gnu_cxx::_Lock_policy)0>::_Impl::_Impl(std::allocator<AdaptiveFilter>)
 .text._ZSt12construct_atI14AdaptiveFilterJEEDTgsnwcvPvLi0E_T_pispcl7declvalIT0_EEEEPS2_DpOS3_
                0x000000000800388c       0x24 ./Cpp/Src/cpp_main.o