D:/STM32CubeIDE/STM32_Heat_controller/Core/Src/main.c:72:6:Timer1_Interrupt	4	static
D:/STM32CubeIDE/STM32_Heat_controller/Core/Src/main.c:87:5:main	8	static
D:/STM32CubeIDE/STM32_Heat_controller/Core/Src/main.c:145:6:SystemClock_Config	88	static
D:/STM32CubeIDE/STM32_Heat_controller/Core/Src/main.c:192:13:MX_ADC1_Init	24	static
D:/STM32CubeIDE/STM32_Heat_controller/Core/Src/main.c:239:13:MX_TIM1_Init	32	static
D:/STM32CubeIDE/STM32_Heat_controller/Core/Src/main.c:285:13:MX_TIM2_Init	32	static
D:/STM32CubeIDE/STM32_Heat_controller/Core/Src/main.c:330:13:MX_GPIO_Init	40	static
D:/STM32CubeIDE/STM32_Heat_controller/Core/Src/main.c:363:6:Error_Handler	4	static,ignoring_inline_asm
